Archive member included to satisfy reference by file (symbol)

c:/progra~2/gnuarm~1/102021~1.10/bin/../lib/gcc/arm-none-eabi/10.3.1/../../../../arm-none-eabi/lib/thumb/v7e-m/nofp\libstdc++.a(class_type_info.o)
                              CMakeFiles/stm32f429_rosserial_test.elf.dir/Core/Src/main.cpp.obj (vtable for __cxxabiv1::__class_type_info)
c:/progra~2/gnuarm~1/102021~1.10/bin/../lib/gcc/arm-none-eabi/10.3.1/../../../../arm-none-eabi/lib/thumb/v7e-m/nofp\libstdc++.a(del_ops.o)
                              c:/progra~2/gnuarm~1/102021~1.10/bin/../lib/gcc/arm-none-eabi/10.3.1/../../../../arm-none-eabi/lib/thumb/v7e-m/nofp\libstdc++.a(class_type_info.o) (operator delete(void*, unsigned int))
c:/progra~2/gnuarm~1/102021~1.10/bin/../lib/gcc/arm-none-eabi/10.3.1/../../../../arm-none-eabi/lib/thumb/v7e-m/nofp\libstdc++.a(pure.o)
                              CMakeFiles/stm32f429_rosserial_test.elf.dir/Core/Src/main.cpp.obj (__cxa_pure_virtual)
c:/progra~2/gnuarm~1/102021~1.10/bin/../lib/gcc/arm-none-eabi/10.3.1/../../../../arm-none-eabi/lib/thumb/v7e-m/nofp\libstdc++.a(si_class_type_info.o)
                              CMakeFiles/stm32f429_rosserial_test.elf.dir/Core/Src/main.cpp.obj (vtable for __cxxabiv1::__si_class_type_info)
c:/progra~2/gnuarm~1/102021~1.10/bin/../lib/gcc/arm-none-eabi/10.3.1/../../../../arm-none-eabi/lib/thumb/v7e-m/nofp\libstdc++.a(tinfo.o)
                              c:/progra~2/gnuarm~1/102021~1.10/bin/../lib/gcc/arm-none-eabi/10.3.1/../../../../arm-none-eabi/lib/thumb/v7e-m/nofp\libstdc++.a(class_type_info.o) (std::type_info::~type_info())
c:/progra~2/gnuarm~1/102021~1.10/bin/../lib/gcc/arm-none-eabi/10.3.1/../../../../arm-none-eabi/lib/thumb/v7e-m/nofp\libstdc++.a(del_op.o)
                              c:/progra~2/gnuarm~1/102021~1.10/bin/../lib/gcc/arm-none-eabi/10.3.1/../../../../arm-none-eabi/lib/thumb/v7e-m/nofp\libstdc++.a(del_ops.o) (operator delete(void*))
c:/progra~2/gnuarm~1/102021~1.10/bin/../lib/gcc/arm-none-eabi/10.3.1/../../../../arm-none-eabi/lib/thumb/v7e-m/nofp\libstdc++.a(eh_terminate.o)
                              c:/progra~2/gnuarm~1/102021~1.10/bin/../lib/gcc/arm-none-eabi/10.3.1/../../../../arm-none-eabi/lib/thumb/v7e-m/nofp\libstdc++.a(pure.o) (std::terminate())
c:/progra~2/gnuarm~1/102021~1.10/bin/../lib/gcc/arm-none-eabi/10.3.1/../../../../arm-none-eabi/lib/thumb/v7e-m/nofp\libstdc++.a(eh_unex_handler.o)
                              c:/progra~2/gnuarm~1/102021~1.10/bin/../lib/gcc/arm-none-eabi/10.3.1/../../../../arm-none-eabi/lib/thumb/v7e-m/nofp\libstdc++.a(eh_terminate.o) (__cxxabiv1::__unexpected_handler)
c:/progra~2/gnuarm~1/102021~1.10/bin/../lib/gcc/arm-none-eabi/10.3.1/../../../../arm-none-eabi/lib/thumb/v7e-m/nofp\libstdc++.a(vterminate.o)
                              c:/progra~2/gnuarm~1/102021~1.10/bin/../lib/gcc/arm-none-eabi/10.3.1/../../../../arm-none-eabi/lib/thumb/v7e-m/nofp\libstdc++.a(eh_terminate.o) (__gnu_cxx::__verbose_terminate_handler())
c:/progra~2/gnuarm~1/102021~1.10/bin/../lib/gcc/arm-none-eabi/10.3.1/../../../../arm-none-eabi/lib/thumb/v7e-m/nofp\libstdc++.a(cp-demangle.o)
                              c:/progra~2/gnuarm~1/102021~1.10/bin/../lib/gcc/arm-none-eabi/10.3.1/../../../../arm-none-eabi/lib/thumb/v7e-m/nofp\libstdc++.a(vterminate.o) (__cxa_demangle)
c:/progra~2/gnuarm~1/102021~1.10/bin/../lib/gcc/arm-none-eabi/10.3.1/../../../../arm-none-eabi/lib/thumb/v7e-m/nofp\libstdc++.a(eh_arm.o)
                              c:/progra~2/gnuarm~1/102021~1.10/bin/../lib/gcc/arm-none-eabi/10.3.1/../../../../arm-none-eabi/lib/thumb/v7e-m/nofp\libstdc++.a(eh_terminate.o) (__cxa_end_cleanup)
c:/progra~2/gnuarm~1/102021~1.10/bin/../lib/gcc/arm-none-eabi/10.3.1/../../../../arm-none-eabi/lib/thumb/v7e-m/nofp\libstdc++.a(eh_call.o)
                              c:/progra~2/gnuarm~1/102021~1.10/bin/../lib/gcc/arm-none-eabi/10.3.1/../../../../arm-none-eabi/lib/thumb/v7e-m/nofp\libstdc++.a(eh_terminate.o) (__cxa_call_unexpected)
c:/progra~2/gnuarm~1/102021~1.10/bin/../lib/gcc/arm-none-eabi/10.3.1/../../../../arm-none-eabi/lib/thumb/v7e-m/nofp\libstdc++.a(eh_catch.o)
                              c:/progra~2/gnuarm~1/102021~1.10/bin/../lib/gcc/arm-none-eabi/10.3.1/../../../../arm-none-eabi/lib/thumb/v7e-m/nofp\libstdc++.a(eh_terminate.o) (__cxa_begin_catch)
c:/progra~2/gnuarm~1/102021~1.10/bin/../lib/gcc/arm-none-eabi/10.3.1/../../../../arm-none-eabi/lib/thumb/v7e-m/nofp\libstdc++.a(eh_exception.o)
                              c:/progra~2/gnuarm~1/102021~1.10/bin/../lib/gcc/arm-none-eabi/10.3.1/../../../../arm-none-eabi/lib/thumb/v7e-m/nofp\libstdc++.a(eh_call.o) (std::bad_exception::~bad_exception())
c:/progra~2/gnuarm~1/102021~1.10/bin/../lib/gcc/arm-none-eabi/10.3.1/../../../../arm-none-eabi/lib/thumb/v7e-m/nofp\libstdc++.a(eh_globals.o)
[...]
Memory Configuration

Name             Origin             Length             Attributes
CCMRAM           0x10000000         0x00010000         xrw
RAM              0x20000000         0x00030000         xrw
FLASH            0x08000000         0x00200000         xr
*default*        0x00000000         0xffffffff

Linker script and memory map

LOAD c:/progra~2/gnuarm~1/102021~1.10/bin/../lib/gcc/arm-none-eabi/10.3.1/thumb/v7e-m/nofp/crti.o
LOAD c:/progra~2/gnuarm~1/102021~1.10/bin/../lib/gcc/arm-none-eabi/10.3.1/thumb/v7e-m/nofp/crtbegin.o
LOAD c:/progra~2/gnuarm~1/102021~1.10/bin/../lib/gcc/arm-none-eabi/10.3.1/../../../../arm-none-eabi/lib/thumb/v7e-m/nofp/crt0.o
LOAD CMakeFiles/stm32f429_rosserial_test.elf.dir/Core/Src/ROSLib/duration.cpp.obj
LOAD CMakeFiles/stm32f429_rosserial_test.elf.dir/Core/Src/ROSLib/time.cpp.obj
LOAD CMakeFiles/stm32f429_rosserial_test.elf.dir/Core/Src/main.cpp.obj
LOAD CMakeFiles/stm32f429_rosserial_test.elf.dir/Core/Src/serial.cpp.obj
LOAD CMakeFiles/stm32f429_rosserial_test.elf.dir/Core/Src/stm32f4xx_hal_msp.c.obj
LOAD CMakeFiles/stm32f429_rosserial_test.elf.dir/Core/Src/stm32f4xx_it.c.obj
LOAD CMakeFiles/stm32f429_rosserial_test.elf.dir/Core/Src/syscalls.c.obj
LOAD CMakeFiles/stm32f429_rosserial_test.elf.dir/Core/Src/sysmem.c.obj
LOAD CMakeFiles/stm32f429_rosserial_test.elf.dir/Core/Src/system_stm32f4xx.c.obj
LOAD CMakeFiles/stm32f429_rosserial_test.elf.dir/Core/Startup/startup_stm32f429zitx.s.obj
LOAD CMakeFiles/stm32f429_rosserial_test.elf.dir/Drivers/STM32F4xx_HAL_Driver/Src/stm32f4xx_hal.c.obj
LOAD CMakeFiles/stm32f429_rosserial_test.elf.dir/Drivers/STM32F4xx_HAL_Driver/Src/stm32f4xx_hal_cortex.c.obj
LOAD CMakeFiles/stm32f429_rosserial_test.elf.dir/Drivers/STM32F4xx_HAL_Driver/Src/stm32f4xx_hal_dma.c.obj
LOAD CMakeFiles/stm32f429_rosserial_test.elf.dir/Drivers/STM32F4xx_HAL_Driver/Src/stm32f4xx_hal_dma_ex.c.obj
LOAD CMakeFiles/stm32f429_rosserial_test.elf.dir/Drivers/STM32F4xx_HAL_Driver/Src/stm32f4xx_hal_exti.c.obj
LOAD CMakeFiles/stm32f429_rosserial_test.elf.dir/Drivers/STM32F4xx_HAL_Driver/Src/stm32f4xx_hal_flash.c.obj
LOAD CMakeFiles/stm32f429_rosserial_test.elf.dir/Drivers/STM32F4xx_HAL_Driver/Src/stm32f4xx_hal_flash_ex.c.obj
LOAD CMakeFiles/stm32f429_rosserial_test.elf.dir/Drivers/STM32F4xx_HAL_Driver/Src/stm32f4xx_hal_flash_ramfunc.c.obj
LOAD CMakeFiles/stm32f429_rosserial_test.elf.dir/Drivers/STM32F4xx_HAL_Driver/Src/stm32f4xx_hal_gpio.c.obj
LOAD CMakeFiles/stm32f429_rosserial_test.elf.dir/Drivers/STM32F4xx_HAL_Driver/Src/stm32f4xx_hal_pwr.c.obj
LOAD CMakeFiles/stm32f429_rosserial_test.elf.dir/Drivers/STM32F4xx_HAL_Driver/Src/stm32f4xx_hal_pwr_ex.c.obj
LOAD CMakeFiles/stm32f429_rosserial_test.elf.dir/Drivers/STM32F4xx_HAL_Driver/Src/stm32f4xx_hal_rcc.c.obj
LOAD CMakeFiles/stm32f429_rosserial_test.elf.dir/Drivers/STM32F4xx_HAL_Driver/Src/stm32f4xx_hal_rcc_ex.c.obj
LOAD CMakeFiles/stm32f429_rosserial_test.elf.dir/Drivers/STM32F4xx_HAL_Driver/Src/stm32f4xx_hal_tim.c.obj
LOAD CMakeFiles/stm32f429_rosserial_test.elf.dir/Drivers/STM32F4xx_HAL_Driver/Src/stm32f4xx_hal_tim_ex.c.obj
LOAD CMakeFiles/stm32f429_rosserial_test.elf.dir/Drivers/STM32F4xx_HAL_Driver/Src/stm32f4xx_hal_uart.c.obj
LOAD c:/progra~2/gnuarm~1/102021~1.10/bin/../lib/gcc/arm-none-eabi/10.3.1/../../../../arm-none-eabi/lib/thumb/v7e-m/nofp\libstdc++.a
LOAD c:/progra~2/gnuarm~1/102021~1.10/bin/../lib/gcc/arm-none-eabi/10.3.1/../../../../arm-none-eabi/lib/thumb/v7e-m/nofp\libm.a
START GROUP
LOAD c:/progra~2/gnuarm~1/102021~1.10/bin/../lib/gcc/arm-none-eabi/10.3.1/thumb/v7e-m/nofp\libgcc.a
LOAD c:/progra~2/gnuarm~1/102021~1.10/bin/../lib/gcc/arm-none-eabi/10.3.1/../../../../arm-none-eabi/lib/thumb/v7e-m/nofp\libg.a
LOAD c:/progra~2/gnuarm~1/102021~1.10/bin/../lib/gcc/arm-none-eabi/10.3.1/../../../../arm-none-eabi/lib/thumb/v7e-m/nofp\libc.a
END GROUP
LOAD c:/progra~2/gnuarm~1/102021~1.10/bin/../lib/gcc/arm-none-eabi/10.3.1/thumb/v7e-m/nofp/crtend.o
LOAD c:/progra~2/gnuarm~1/102021~1.10/bin/../lib/gcc/arm-none-eabi/10.3.1/thumb/v7e-m/nofp/crtn.o
                0x20030000                _estack = (ORIGIN (RAM) + LENGTH (RAM))
                0x00000200                _Min_Heap_Size = 0x200
                0x00000400                _Min_Stack_Size = 0x400

.isr_vector     0x08000000      0x1ac
                0x08000000                . = ALIGN (0x4)
 *(.isr_vector)
 .isr_vector    0x08000000      0x1ac CMakeFiles/stm32f429_rosserial_test.elf.dir/Core/Startup/startup_stm32f429zitx.s.obj
                0x08000000                g_pfnVectors
                0x080001ac                . = ALIGN (0x4)

.text           0x080001c0    0x12b60
                0x080001c0                . = ALIGN (0x4)
 *(.text)
 .text          0x080001c0       0x40 c:/progra~2/gnuarm~1/102021~1.10/bin/../lib/gcc/arm-none-eabi/10.3.1/thumb/v7e-m/nofp/crtbegin.o
 .text          0x08000200     0x5fa4 c:/progra~2/gnuarm~1/102021~1.10/bin/../lib/gcc/arm-none-eabi/10.3.1/../../../../arm-none-eabi/lib/thumb/v7e-m/nofp\libstdc++.a(cp-demangle.o)
                0x080060bc                __cxa_demangle
                0x08006180                __gcclibcxx_demangle_callback
 .text          0x080061a4      0x378 c:/progra~2/gnuarm~1/102021~1.10/bin/../lib/gcc/arm-none-eabi/10.3.1/thumb/v7e-m/nofp\libgcc.a(_arm_addsubdf3.o)
                0x080061a4                __aeabi_drsub
                0x080061ac                __aeabi_dsub
                0x080061ac                __subdf3
                0x080061b0                __aeabi_dadd
                0x080061b0                __adddf3
                0x08006428                __floatunsidf
                0x08006428                __aeabi_ui2d
                0x08006448                __floatsidf
                0x08006448                __aeabi_i2d
                0x0800646c                __aeabi_f2d
                0x0800646c                __extendsfdf2
                0x080064b0                __floatundidf
                0x080064b0                __aeabi_ul2d
                0x080064c0                __floatdidf
                0x080064c0                __aeabi_l2d
 .text          0x0800651c       0x50 c:/progra~2/gnuarm~1/102021~1.10/bin/../lib/gcc/arm-none-eabi/10.3.1/thumb/v7e-m/nofp\libgcc.a(_arm_fixdfsi.o)
                0x0800651c                __aeabi_d2iz
                0x0800651c                __fixdfsi
 .text          0x0800656c       0x30 c:/progra~2/gnuarm~1/102021~1.10/bin/../lib/gcc/arm-none-eabi/10.3.1/thumb/v7e-m/nofp\libgcc.a(_aeabi_uldivmod.o)
                0x0800656c                __aeabi_uldivmod
 .text          0x0800659c      0x2d0 c:/progra~2/gnuarm~1/102021~1.10/bin/../lib/gcc/arm-none-eabi/10.3.1/thumb/v7e-m/nofp\libgcc.a(_udivmoddi4.o)
                0x0800659c                __udivmoddi4
 .text          0x0800686c      0x9d8 c:/progra~2/gnuarm~1/102021~1.10/bin/../lib/gcc/arm-none-eabi/10.3.1/thumb/v7e-m/nofp\libgcc.a(unwind-arm.o)
                0x08006b14                _Unwind_GetCFA
                0x08006b18                __gnu_Unwind_RaiseException
                0x08006b80                __gnu_Unwind_ForcedUnwind
                0x08006b90                __gnu_Unwind_Resume
                0x08006bd4                __gnu_Unwind_Resume_or_Rethrow
                0x08006be4                _Unwind_Complete
                0x08006be8                _Unwind_DeleteException
                0x08006bf4                _Unwind_VRS_Get
                0x08006c40                _Unwind_VRS_Set
                0x08006c88                __gnu_Unwind_Backtrace
                0x08006fb4                __aeabi_unwind_cpp_pr0
                0x08006fb8                __aeabi_unwind_cpp_pr1
                0x08006fbc                __aeabi_unwind_cpp_pr2
                0x08006fc0                _Unwind_VRS_Pop
 .text          0x08007244      0x1ac c:/progra~2/gnuarm~1/102021~1.10/bin/../lib/gcc/arm-none-eabi/10.3.1/thumb/v7e-m/nofp\libgcc.a(libunwind.o)
                0x08007244                __restore_core_regs
                0x08007244                restore_core_regs
                0x0800725c                __gnu_Unwind_Restore_VFP
                0x08007264                __gnu_Unwind_Save_VFP
                0x0800726c                __gnu_Unwind_Restore_VFP_D
                0x08007274                __gnu_Unwind_Save_VFP_D
                0x0800727c                __gnu_Unwind_Restore_VFP_D_16_to_31
                0x08007284                __gnu_Unwind_Save_VFP_D_16_to_31
                0x0800728c                __gnu_Unwind_Restore_WMMXD
                0x080072d0                __gnu_Unwind_Save_WMMXD
                0x08007314                __gnu_Unwind_Restore_WMMXC
                0x08007328                __gnu_Unwind_Save_WMMXC
                0x0800733c                ___Unwind_RaiseException
                0x0800733c                _Unwind_RaiseException
                0x08007360                _Unwind_Resume
                0x08007360                ___Unwind_Resume
                0x08007384                _Unwind_Resume_or_Rethrow
                0x08007384                ___Unwind_Resume_or_Rethrow
                0x080073a8                _Unwind_ForcedUnwind
                0x080073a8                ___Unwind_ForcedUnwind
                0x080073cc                ___Unwind_Backtrace
                0x080073cc                _Unwind_Backtrace
 .text          0x080073f0      0x350 c:/progra~2/gnuarm~1/102021~1.10/bin/../lib/gcc/arm-none-eabi/10.3.1/thumb/v7e-m/nofp\libgcc.a(pr-support.o)
                0x08007448                __gnu_unwind_execute
                0x080076f4                __gnu_unwind_frame
                0x08007720                _Unwind_GetRegionStart
                0x0800772c                _Unwind_GetLanguageSpecificData
 .text          0x08007740        0x4 c:/progra~2/gnuarm~1/102021~1.10/bin/../lib/gcc/arm-none-eabi/10.3.1/thumb/v7e-m/nofp\libgcc.a(_dvmd_tls.o)
                0x08007740                __aeabi_idiv0
                0x08007740                __aeabi_ldiv0
 *fill*         0x08007744        0xc 
 .text          0x08007750       0xa0 c:/progra~2/gnuarm~1/102021~1.10/bin/../lib/gcc/arm-none-eabi/10.3.1/../../../../arm-none-eabi/lib/thumb/v7e-m/nofp\libg.a(lib_a-memchr.o)
                0x08007750                memchr
 .text          0x080077f0      0x134 c:/progra~2/gnuarm~1/102021~1.10/bin/../lib/gcc/arm-none-eabi/10.3.1/../../../../arm-none-eabi/lib/thumb/v7e-m/nofp\libg.a(lib_a-memcpy.o)
                0x080077f0                memcpy
 *fill*         0x08007924       0x1c 
 .text          0x08007940      0x2dc c:/progra~2/gnuarm~1/102021~1.10/bin/../lib/gcc/arm-none-eabi/10.3.1/../../../../arm-none-eabi/lib/thumb/v7e-m/nofp\libg.a(lib_a-strcmp.o)
                0x08007948                strcmp
 *fill*         0x08007c1c       0x24 
 .text          0x08007c40       0xdc c:/progra~2/gnuarm~1/102021~1.10/bin/../lib/gcc/arm-none-eabi/10.3.1/../../../../arm-none-eabi/lib/thumb/v7e-m/nofp\libg.a(lib_a-strlen.o)
                0x08007c40                strlen
 .text          0x08007d1c      0x424 c:/progra~2/gnuarm~1/102021~1.10/bin/../lib/gcc/arm-none-eabi/10.3.1/thumb/v7e-m/nofp\libgcc.a(_arm_muldivdf3.o)
                0x08007d1c                __aeabi_dmul
                0x08007d1c                __muldf3
                0x08007f70                __divdf3
                0x08007f70                __aeabi_ddiv
 .text          0x08008140      0x110 c:/progra~2/gnuarm~1/102021~1.10/bin/../lib/gcc/arm-none-eabi/10.3.1/thumb/v7e-m/nofp\libgcc.a(_arm_cmpdf2.o)
                0x08008140                __gtdf2
                0x08008140                __gedf2
                0x08008148                __ltdf2
                0x08008148                __ledf2
                0x08008150                __nedf2
                0x08008150                __eqdf2
                0x08008150                __cmpdf2
                0x080081cc                __aeabi_cdrcmple
                0x080081dc                __aeabi_cdcmpeq
                0x080081dc                __aeabi_cdcmple
                0x080081ec                __aeabi_dcmpeq
                0x08008200                __aeabi_dcmplt
                0x08008214                __aeabi_dcmple
                0x08008228                __aeabi_dcmpge
                0x0800823c                __aeabi_dcmpgt
 .text          0x08008250       0x2c c:/progra~2/gnuarm~1/102021~1.10/bin/../lib/gcc/arm-none-eabi/10.3.1/thumb/v7e-m/nofp\libgcc.a(_arm_unorddf2.o)
                0x08008250                __unorddf2
                0x08008250                __aeabi_dcmpun
 *(.text*)
 .text._ZN3ros16normalizeSecNSecERmS0_
                0x0800827c       0x2c CMakeFiles/stm32f429_rosserial_test.elf.dir/Core/Src/ROSLib/time.cpp.obj
                0x0800827c                ros::normalizeSecNSec(unsigned long&, unsigned long&)
 .text._ZNK8std_msgs4Time9serializeEPh
                0x080082a8       0x28 CMakeFiles/stm32f429_rosserial_test.elf.dir/Core/Src/main.cpp.obj
                0x080082a8                std_msgs::Time::serialize(unsigned char*) const
 .text._ZN8std_msgs4Time11deserializeEPh
                0x080082d0       0x3c CMakeFiles/stm32f429_rosserial_test.elf.dir/Core/Src/main.cpp.obj
                0x080082d0                std_msgs::Time::deserialize(unsigned char*)
 .text._ZN8std_msgs4Time7getTypeEv
                0x0800830c        0x8 CMakeFiles/stm32f429_rosserial_test.elf.dir/Core/Src/main.cpp.obj
                0x0800830c                std_msgs::Time::getType()
 .text._ZN8std_msgs4Time6getMD5Ev
                0x08008314        0x8 CMakeFiles/stm32f429_rosserial_test.elf.dir/Core/Src/main.cpp.obj
                0x08008314                std_msgs::Time::getMD5()
 .text._ZN14rosserial_msgs9TopicInfo7getTypeEv
                0x0800831c        0x8 CMakeFiles/stm32f429_rosserial_test.elf.dir/Core/Src/main.cpp.obj
                0x0800831c                rosserial_msgs::TopicInfo::getType()
 .text._ZN14rosserial_msgs9TopicInfo6getMD5Ev
                0x08008324        0x8 CMakeFiles/stm32f429_rosserial_test.elf.dir/Core/Src/main.cpp.obj
                0x08008324                rosserial_msgs::TopicInfo::getMD5()
 .text._ZL12MX_GPIO_Initv
                0x0800832c      0x1a4 CMakeFiles/stm32f429_rosserial_test.elf.dir/Core/Src/main.cpp.obj
 .text._ZL11MX_DMA_Initv
                0x080084d0       0x44 CMakeFiles/stm32f429_rosserial_test.elf.dir/Core/Src/main.cpp.obj
 .text._ZNK14rosserial_msgs9TopicInfo9serializeEPh
                0x08008514       0xae CMakeFiles/stm32f429_rosserial_test.elf.dir/Core/Src/main.cpp.obj
                0x08008514                rosserial_msgs::TopicInfo::serialize(unsigned char*) const
 .text._ZN14rosserial_msgs9TopicInfo11deserializeEPh
                0x080085c2      0x104 CMakeFiles/stm32f429_rosserial_test.elf.dir/Core/Src/main.cpp.obj
                0x080085c2                rosserial_msgs::TopicInfo::deserialize(unsigned char*)
 .text._ZN14rosserial_msgs20RequestParamResponse11deserializeEPh
                0x080086c6      0x148 CMakeFiles/stm32f429_rosserial_test.elf.dir/Core/Src/main.cpp.obj
                0x080086c6                rosserial_msgs::RequestParamResponse::deserialize(unsigned char*)
 *fill*         0x0800880e        0x2 
 .text.HAL_UART_TxCpltCallback
                0x08008810       0x74 CMakeFiles/stm32f429_rosserial_test.elf.dir/Core/Src/main.cpp.obj
                0x08008810                HAL_UART_TxCpltCallback
 .text.HAL_TIM_PeriodElapsedCallback
                0x08008884       0x28 CMakeFiles/stm32f429_rosserial_test.elf.dir/Core/Src/main.cpp.obj
                0x08008884                HAL_TIM_PeriodElapsedCallback
 .text.Error_Handler
                0x080088ac        0x4 CMakeFiles/stm32f429_rosserial_test.elf.dir/Core/Src/main.cpp.obj
                0x080088ac                Error_Handler
 .text._ZL19MX_USART2_UART_Initv
                0x080088b0       0x34 CMakeFiles/stm32f429_rosserial_test.elf.dir/Core/Src/main.cpp.obj
 .text.HAL_UART_ErrorCallback
                0x080088e4       0x2c CMakeFiles/stm32f429_rosserial_test.elf.dir/Core/Src/main.cpp.obj
                0x080088e4                HAL_UART_ErrorCallback
 .text._ZL19MX_USART3_UART_Initv
                0x08008910       0x34 CMakeFiles/stm32f429_rosserial_test.elf.dir/Core/Src/main.cpp.obj
 .text._ZL12MX_TIM2_Initv
                0x08008944       0x68 CMakeFiles/stm32f429_rosserial_test.elf.dir/Core/Src/main.cpp.obj
 .text._Z18SystemClock_Configv
                0x080089ac       0xb4 CMakeFiles/stm32f429_rosserial_test.elf.dir/Core/Src/main.cpp.obj
                0x080089ac                SystemClock_Config()
 .text._ZN3ros11NodeHandle_I13STM32HardwareLi25ELi25ELi512ELi512EE15negotiateTopicsEv
                0x08008a60       0xe0 CMakeFiles/stm32f429_rosserial_test.elf.dir/Core/Src/main.cpp.obj
                0x08008a60                ros::NodeHandle_<STM32Hardware, 25, 25, 512, 512>::negotiateTopics()
 .text._ZN3ros11NodeHandle_I13STM32HardwareLi25ELi25ELi512ELi512EE8spinOnceEv
                0x08008b40      0x38c CMakeFiles/stm32f429_rosserial_test.elf.dir/Core/Src/main.cpp.obj
                0x08008b40                ros::NodeHandle_<STM32Hardware, 25, 25, 512, 512>::spinOnce()
 .text.main     0x08008ecc       0x38 CMakeFiles/stm32f429_rosserial_test.elf.dir/Core/Src/main.cpp.obj
                0x08008ecc                main
 .text._ZN14rosserial_msgs3Log7getTypeEv
                0x08008f04        0x8 CMakeFiles/stm32f429_rosserial_test.elf.dir/Core/Src/serial.cpp.obj
                0x08008f04                rosserial_msgs::Log::getType()
 .text._ZN14rosserial_msgs3Log6getMD5Ev
                0x08008f0c        0x8 CMakeFiles/stm32f429_rosserial_test.elf.dir/Core/Src/serial.cpp.obj
                0x08008f0c                rosserial_msgs::Log::getMD5()
 .text._ZN14rosserial_msgs20RequestParamResponse7getTypeEv
                0x08008f14        0x8 CMakeFiles/stm32f429_rosserial_test.elf.dir/Core/Src/serial.cpp.obj
                0x08008f14                rosserial_msgs::RequestParamResponse::getType()
 .text._ZN14rosserial_msgs20RequestParamResponse6getMD5Ev
                0x08008f1c        0x8 CMakeFiles/stm32f429_rosserial_test.elf.dir/Core/Src/serial.cpp.obj
                0x08008f1c                rosserial_msgs::RequestParamResponse::getMD5()
 .text._ZNK13geometry_msgs7Vector39serializeEPh
                0x08008f24       0x74 CMakeFiles/stm32f429_rosserial_test.elf.dir/Core/Src/serial.cpp.obj
                0x08008f24                geometry_msgs::Vector3::serialize(unsigned char*) const
 .text._ZN13geometry_msgs7Vector311deserializeEPh
                0x08008f98       0x96 CMakeFiles/stm32f429_rosserial_test.elf.dir/Core/Src/serial.cpp.obj
                0x08008f98                geometry_msgs::Vector3::deserialize(unsigned char*)
 *fill*         0x0800902e        0x2 
 .text._ZN13geometry_msgs7Vector37getTypeEv
                0x08009030        0x8 CMakeFiles/stm32f429_rosserial_test.elf.dir/Core/Src/serial.cpp.obj
                0x08009030                geometry_msgs::Vector3::getType()
 .text._ZN13geometry_msgs7Vector36getMD5Ev
                0x08009038        0x8 CMakeFiles/stm32f429_rosserial_test.elf.dir/Core/Src/serial.cpp.obj
                0x08009038                geometry_msgs::Vector3::getMD5()
 .text._ZN13geometry_msgs5Twist11deserializeEPh
                0x08009040       0x1c CMakeFiles/stm32f429_rosserial_test.elf.dir/Core/Src/serial.cpp.obj
                0x08009040                geometry_msgs::Twist::deserialize(unsigned char*)
 .text._ZN13geometry_msgs5Twist7getTypeEv
                0x0800905c        0x8 CMakeFiles/stm32f429_rosserial_test.elf.dir/Core/Src/serial.cpp.obj
                0x0800905c                geometry_msgs::Twist::getType()
 .text._ZN13geometry_msgs5Twist6getMD5Ev
                0x08009064        0x8 CMakeFiles/stm32f429_rosserial_test.elf.dir/Core/Src/serial.cpp.obj
                0x08009064                geometry_msgs::Twist::getMD5()
 .text._ZN3ros10SubscriberIN13geometry_msgs5TwistEvE15getEndpointTypeEv
                0x0800906c        0x4 CMakeFiles/stm32f429_rosserial_test.elf.dir/Core/Src/serial.cpp.obj
                0x0800906c                ros::Subscriber<geometry_msgs::Twist, void>::getEndpointType()
 .text._ZN3ros10SubscriberIN13geometry_msgs5TwistEvE10getMsgTypeEv
                0x08009070        0x8 CMakeFiles/stm32f429_rosserial_test.elf.dir/Core/Src/serial.cpp.obj
                0x08009070                ros::Subscriber<geometry_msgs::Twist, void>::getMsgType()
 .text._ZN3ros10SubscriberIN13geometry_msgs5TwistEvE9getMsgMD5Ev
                0x08009078        0x8 CMakeFiles/stm32f429_rosserial_test.elf.dir/Core/Src/serial.cpp.obj
                0x08009078                ros::Subscriber<geometry_msgs::Twist, void>::getMsgMD5()
 .text._ZN3ros11NodeHandle_I13STM32HardwareLi25ELi25ELi512ELi512EE9connectedEv
                0x08009080        0x6 CMakeFiles/stm32f429_rosserial_test.elf.dir/Core/Src/serial.cpp.obj
                0x08009080                ros::NodeHandle_<STM32Hardware, 25, 25, 512, 512>::connected()
 *fill*         0x08009086        0x2 
 .text._Z16Cmd_Vel_CallbackRKN13geometry_msgs5TwistE
                0x08009088       0x24 CMakeFiles/stm32f429_rosserial_test.elf.dir/Core/Src/serial.cpp.obj
                0x08009088                Cmd_Vel_Callback(geometry_msgs::Twist const&)
 .text._ZNK14rosserial_msgs3Log9serializeEPh
                0x080090ac       0x36 CMakeFiles/stm32f429_rosserial_test.elf.dir/Core/Src/serial.cpp.obj
                0x080090ac                rosserial_msgs::Log::serialize(unsigned char*) const
 .text._ZNK14rosserial_msgs20RequestParamResponse9serializeEPh
                0x080090e2       0xf2 CMakeFiles/stm32f429_rosserial_test.elf.dir/Core/Src/serial.cpp.obj
                0x080090e2                rosserial_msgs::RequestParamResponse::serialize(unsigned char*) const
 .text._ZN3ros11NodeHandle_I13STM32HardwareLi25ELi25ELi512ELi512EE7publishEiPKNS_3MsgE
                0x080091d4      0x188 CMakeFiles/stm32f429_rosserial_test.elf.dir/Core/Src/serial.cpp.obj
                0x080091d4                ros::NodeHandle_<STM32Hardware, 25, 25, 512, 512>::publish(int, ros::Msg const*)
 .text._ZN3ros10SubscriberIN13geometry_msgs5TwistEvE8callbackEPh
                0x0800935c       0x22 CMakeFiles/stm32f429_rosserial_test.elf.dir/Core/Src/serial.cpp.obj
                0x0800935c                ros::Subscriber<geometry_msgs::Twist, void>::callback(unsigned char*)
 .text._ZN14rosserial_msgs3Log11deserializeEPh
                0x0800937e       0x4e CMakeFiles/stm32f429_rosserial_test.elf.dir/Core/Src/serial.cpp.obj
                0x0800937e                rosserial_msgs::Log::deserialize(unsigned char*)
 .text._ZNK13geometry_msgs5Twist9serializeEPh
                0x080093cc       0xf8 CMakeFiles/stm32f429_rosserial_test.elf.dir/Core/Src/serial.cpp.obj
                0x080093cc                geometry_msgs::Twist::serialize(unsigned char*) const
 .text._ZN13geometry_msgs5TwistC2Ev
                0x080094c4       0x40 CMakeFiles/stm32f429_rosserial_test.elf.dir/Core/Src/serial.cpp.obj
                0x080094c4                geometry_msgs::Twist::Twist()
                0x080094c4                geometry_msgs::Twist::Twist()
 .text._Z41__static_initialization_and_destruction_0ii
                0x08009504      0x140 CMakeFiles/stm32f429_rosserial_test.elf.dir/Core/Src/serial.cpp.obj
 .text._Z14Rosserial_Initv
                0x08009644       0x80 CMakeFiles/stm32f429_rosserial_test.elf.dir/Core/Src/serial.cpp.obj
                0x08009644                Rosserial_Init()
 .text._GLOBAL__sub_I_nh
                0x080096c4        0xe CMakeFiles/stm32f429_rosserial_test.elf.dir/Core/Src/serial.cpp.obj
 *fill*         0x080096d2        0x2 
 .text.HAL_MspInit
                0x080096d4       0x38 CMakeFiles/stm32f429_rosserial_test.elf.dir/Core/Src/stm32f4xx_hal_msp.c.obj
                0x080096d4                HAL_MspInit
 .text.HAL_TIM_Base_MspInit
                0x0800970c       0x3c CMakeFiles/stm32f429_rosserial_test.elf.dir/Core/Src/stm32f4xx_hal_msp.c.obj
                0x0800970c                HAL_TIM_Base_MspInit
 .text.HAL_UART_MspInit
                0x08009748      0x158 CMakeFiles/stm32f429_rosserial_test.elf.dir/Core/Src/stm32f4xx_hal_msp.c.obj
                0x08009748                HAL_UART_MspInit
 .text.HAL_UART_MspDeInit
                0x080098a0       0x60 CMakeFiles/stm32f429_rosserial_test.elf.dir/Core/Src/stm32f4xx_hal_msp.c.obj
                0x080098a0                HAL_UART_MspDeInit
 .text.NMI_Handler
                0x08009900        0x8 CMakeFiles/stm32f429_rosserial_test.elf.dir/Core/Src/stm32f4xx_it.c.obj
                0x08009900                NMI_Handler
 .text.HardFault_Handler
                0x08009908        0x2 CMakeFiles/stm32f429_rosserial_test.elf.dir/Core/Src/stm32f4xx_it.c.obj
                0x08009908                HardFault_Handler
 .text.MemManage_Handler
                0x0800990a        0x2 CMakeFiles/stm32f429_rosserial_test.elf.dir/Core/Src/stm32f4xx_it.c.obj
                0x0800990a                MemManage_Handler
 .text.BusFault_Handler
                0x0800990c        0x2 CMakeFiles/stm32f429_rosserial_test.elf.dir/Core/Src/stm32f4xx_it.c.obj
                0x0800990c                BusFault_Handler
 .text.UsageFault_Handler
                0x0800990e        0x2 CMakeFiles/stm32f429_rosserial_test.elf.dir/Core/Src/stm32f4xx_it.c.obj
                0x0800990e                UsageFault_Handler
 .text.SVC_Handler
                0x08009910        0x2 CMakeFiles/stm32f429_rosserial_test.elf.dir/Core/Src/stm32f4xx_it.c.obj
                0x08009910                SVC_Handler
 .text.DebugMon_Handler
                0x08009912        0x2 CMakeFiles/stm32f429_rosserial_test.elf.dir/Core/Src/stm32f4xx_it.c.obj
                0x08009912                DebugMon_Handler
 .text.PendSV_Handler
                0x08009914        0x2 CMakeFiles/stm32f429_rosserial_test.elf.dir/Core/Src/stm32f4xx_it.c.obj
                0x08009914                PendSV_Handler
 .text.SysTick_Handler
                0x08009916        0x8 CMakeFiles/stm32f429_rosserial_test.elf.dir/Core/Src/stm32f4xx_it.c.obj
                0x08009916                SysTick_Handler
 *fill*         0x0800991e        0x2 
 .text.DMA1_Stream5_IRQHandler
                0x08009920       0x10 CMakeFiles/stm32f429_rosserial_test.elf.dir/Core/Src/stm32f4xx_it.c.obj
                0x08009920                DMA1_Stream5_IRQHandler
 .text.DMA1_Stream6_IRQHandler
                0x08009930       0x10 CMakeFiles/stm32f429_rosserial_test.elf.dir/Core/Src/stm32f4xx_it.c.obj
                0x08009930                DMA1_Stream6_IRQHandler
 .text.TIM2_IRQHandler
                0x08009940       0x10 CMakeFiles/stm32f429_rosserial_test.elf.dir/Core/Src/stm32f4xx_it.c.obj
                0x08009940                TIM2_IRQHandler
 .text.USART2_IRQHandler
                0x08009950       0x10 CMakeFiles/stm32f429_rosserial_test.elf.dir/Core/Src/stm32f4xx_it.c.obj
                0x08009950                USART2_IRQHandler
 .text._getpid  0x08009960        0x4 CMakeFiles/stm32f429_rosserial_test.elf.dir/Core/Src/syscalls.c.obj
                0x08009960                _getpid
 .text._kill    0x08009964       0x10 CMakeFiles/stm32f429_rosserial_test.elf.dir/Core/Src/syscalls.c.obj
                0x08009964                _kill
 .text._exit    0x08009974        0xc CMakeFiles/stm32f429_rosserial_test.elf.dir/Core/Src/syscalls.c.obj
                0x08009974                _exit
 .text._read    0x08009980       0x20 CMakeFiles/stm32f429_rosserial_test.elf.dir/Core/Src/syscalls.c.obj
                0x08009980                _read
 .text._write   0x080099a0       0x1c CMakeFiles/stm32f429_rosserial_test.elf.dir/Core/Src/syscalls.c.obj
                0x080099a0                _write
 .text._close   0x080099bc        0x6 CMakeFiles/stm32f429_rosserial_test.elf.dir/Core/Src/syscalls.c.obj
                0x080099bc                _close
 .text._fstat   0x080099c2        0xa CMakeFiles/stm32f429_rosserial_test.elf.dir/Core/Src/syscalls.c.obj
                0x080099c2                _fstat
 .text._isatty  0x080099cc        0x4 CMakeFiles/stm32f429_rosserial_test.elf.dir/Core/Src/syscalls.c.obj
                0x080099cc                _isatty
 .text._lseek   0x080099d0        0x4 CMakeFiles/stm32f429_rosserial_test.elf.dir/Core/Src/syscalls.c.obj
                0x080099d0                _lseek
 .text._sbrk    0x080099d4       0x48 CMakeFiles/stm32f429_rosserial_test.elf.dir/Core/Src/sysmem.c.obj
                0x080099d4                _sbrk
 .text.SystemInit
                0x08009a1c        0x2 CMakeFiles/stm32f429_rosserial_test.elf.dir/Core/Src/system_stm32f4xx.c.obj
                0x08009a1c                SystemInit
 *fill*         0x08009a1e        0x2 
 .text.Reset_Handler
                0x08009a20       0x50 CMakeFiles/stm32f429_rosserial_test.elf.dir/Core/Startup/startup_stm32f429zitx.s.obj
                0x08009a20                Reset_Handler
 .text.Default_Handler
                0x08009a70        0x2 CMakeFiles/stm32f429_rosserial_test.elf.dir/Core/Startup/startup_stm32f429zitx.s.obj
                0x08009a70                RTC_Alarm_IRQHandler
                0x08009a70                HASH_RNG_IRQHandler
                0x08009a70                EXTI2_IRQHandler
                0x08009a70                TIM8_CC_IRQHandler
                0x08009a70                UART8_IRQHandler
                0x08009a70                SPI4_IRQHandler
                0x08009a70                TIM1_CC_IRQHandler
                0x08009a70                DMA2_Stream5_IRQHandler
                0x08009a70                PVD_IRQHandler
                0x08009a70                SDIO_IRQHandler
                0x08009a70                TAMP_STAMP_IRQHandler
                0x08009a70                CAN2_RX1_IRQHandler
                0x08009a70                EXTI3_IRQHandler
                0x08009a70                TIM8_TRG_COM_TIM14_IRQHandler
                0x08009a70                TIM1_UP_TIM10_IRQHandler
                0x08009a70                TIM8_UP_TIM13_IRQHandler
                0x08009a70                I2C3_ER_IRQHandler
                0x08009a70                EXTI0_IRQHandler
                0x08009a70                I2C2_EV_IRQHandler
                0x08009a70                DMA1_Stream2_IRQHandler
                0x08009a70                CAN1_RX0_IRQHandler
                0x08009a70                FPU_IRQHandler
                0x08009a70                OTG_HS_WKUP_IRQHandler
                0x08009a70                LTDC_ER_IRQHandler
                0x08009a70                CAN2_SCE_IRQHandler
                0x08009a70                DMA2_Stream2_IRQHandler
                0x08009a70                SPI1_IRQHandler
                0x08009a70                TIM6_DAC_IRQHandler
                0x08009a70                TIM1_BRK_TIM9_IRQHandler
                0x08009a70                DCMI_IRQHandler
                0x08009a70                CAN2_RX0_IRQHandler
                0x08009a70                DMA2_Stream3_IRQHandler
                0x08009a70                USART6_IRQHandler
                0x08009a70                USART3_IRQHandler
                0x08009a70                CAN1_RX1_IRQHandler
                0x08009a70                UART5_IRQHandler
                0x08009a70                DMA2_Stream0_IRQHandler
                0x08009a70                TIM4_IRQHandler
                0x08009a70                I2C1_EV_IRQHandler
                0x08009a70                DMA1_Stream1_IRQHandler
                0x08009a70                UART4_IRQHandler
                0x08009a70                TIM3_IRQHandler
                0x08009a70                RCC_IRQHandler
                0x08009a70                TIM8_BRK_TIM12_IRQHandler
                0x08009a70                Default_Handler
                0x08009a70                EXTI15_10_IRQHandler
                0x08009a70                ADC_IRQHandler
                0x08009a70                DMA1_Stream7_IRQHandler
                0x08009a70                SPI5_IRQHandler
                0x08009a70                TIM7_IRQHandler
                0x08009a70                CAN2_TX_IRQHandler
                0x08009a70                TIM5_IRQHandler
                0x08009a70                DMA2_Stream7_IRQHandler
                0x08009a70                I2C3_EV_IRQHandler
                0x08009a70                EXTI9_5_IRQHandler
                0x08009a70                RTC_WKUP_IRQHandler
                0x08009a70                LTDC_IRQHandler
                0x08009a70                ETH_WKUP_IRQHandler
                0x08009a70                SPI2_IRQHandler
                0x08009a70                OTG_HS_EP1_IN_IRQHandler
                0x08009a70                DMA1_Stream0_IRQHandler
                0x08009a70                CAN1_TX_IRQHandler
                0x08009a70                EXTI4_IRQHandler
                0x08009a70                ETH_IRQHandler
                0x08009a70                OTG_HS_EP1_OUT_IRQHandler
                0x08009a70                WWDG_IRQHandler
                0x08009a70                SPI6_IRQHandler
                0x08009a70                OTG_FS_WKUP_IRQHandler
                0x08009a70                TIM1_TRG_COM_TIM11_IRQHandler
                0x08009a70                OTG_HS_IRQHandler
                0x08009a70                DMA2D_IRQHandler
                0x08009a70                EXTI1_IRQHandler
                0x08009a70                UART7_IRQHandler
                0x08009a70                I2C2_ER_IRQHandler
                0x08009a70                DMA2_Stream1_IRQHandler
                0x08009a70                CAN1_SCE_IRQHandler
                0x08009a70                FLASH_IRQHandler
                0x08009a70                DMA2_Stream4_IRQHandler
                0x08009a70                USART1_IRQHandler
                0x08009a70                OTG_FS_IRQHandler
                0x08009a70                SPI3_IRQHandler
                0x08009a70                DMA1_Stream4_IRQHandler
                0x08009a70                I2C1_ER_IRQHandler
                0x08009a70                FMC_IRQHandler
                0x08009a70                DMA2_Stream6_IRQHandler
                0x08009a70                SAI1_IRQHandler
                0x08009a70                DMA1_Stream3_IRQHandler
 *fill*         0x08009a72        0x2 
 .text.HAL_InitTick
                0x08009a74       0x4c CMakeFiles/stm32f429_rosserial_test.elf.dir/Drivers/STM32F4xx_HAL_Driver/Src/stm32f4xx_hal.c.obj
                0x08009a74                HAL_InitTick
 .text.HAL_Init
                0x08009ac0       0x34 CMakeFiles/stm32f429_rosserial_test.elf.dir/Drivers/STM32F4xx_HAL_Driver/Src/stm32f4xx_hal.c.obj
                0x08009ac0                HAL_Init
 .text.HAL_IncTick
                0x08009af4       0x18 CMakeFiles/stm32f429_rosserial_test.elf.dir/Drivers/STM32F4xx_HAL_Driver/Src/stm32f4xx_hal.c.obj
                0x08009af4                HAL_IncTick
 .text.HAL_GetTick
                0x08009b0c        0xc CMakeFiles/stm32f429_rosserial_test.elf.dir/Drivers/STM32F4xx_HAL_Driver/Src/stm32f4xx_hal.c.obj
                0x08009b0c                HAL_GetTick
 .text.HAL_NVIC_SetPriorityGrouping
                0x08009b18       0x24 CMakeFiles/stm32f429_rosserial_test.elf.dir/Drivers/STM32F4xx_HAL_Driver/Src/stm32f4xx_hal_cortex.c.obj
                0x08009b18                HAL_NVIC_SetPriorityGrouping
 .text.HAL_NVIC_SetPriority
                0x08009b3c       0x70 CMakeFiles/stm32f429_rosserial_test.elf.dir/Drivers/STM32F4xx_HAL_Driver/Src/stm32f4xx_hal_cortex.c.obj
                0x08009b3c                HAL_NVIC_SetPriority
 .text.HAL_NVIC_EnableIRQ
                0x08009bac       0x1c CMakeFiles/stm32f429_rosserial_test.elf.dir/Drivers/STM32F4xx_HAL_Driver/Src/stm32f4xx_hal_cortex.c.obj
                0x08009bac                HAL_NVIC_EnableIRQ
 .text.HAL_NVIC_DisableIRQ
                0x08009bc8       0x24 CMakeFiles/stm32f429_rosserial_test.elf.dir/Drivers/STM32F4xx_HAL_Driver/Src/stm32f4xx_hal_cortex.c.obj
                0x08009bc8                HAL_NVIC_DisableIRQ
 .text.HAL_SYSTICK_Config
                0x08009bec       0x28 CMakeFiles/stm32f429_rosserial_test.elf.dir/Drivers/STM32F4xx_HAL_Driver/Src/stm32f4xx_hal_cortex.c.obj
                0x08009bec                HAL_SYSTICK_Config
 .text.DMA_SetConfig
                0x08009c14       0x2c CMakeFiles/stm32f429_rosserial_test.elf.dir/Drivers/STM32F4xx_HAL_Driver/Src/stm32f4xx_hal_dma.c.obj
 .text.DMA_CalcBaseAndBitshift
                0x08009c40       0x40 CMakeFiles/stm32f429_rosserial_test.elf.dir/Drivers/STM32F4xx_HAL_Driver/Src/stm32f4xx_hal_dma.c.obj
 .text.DMA_CheckFifoParam
                0x08009c80       0x8e CMakeFiles/stm32f429_rosserial_test.elf.dir/Drivers/STM32F4xx_HAL_Driver/Src/stm32f4xx_hal_dma.c.obj
 *fill*         0x08009d0e        0x2 
 .text.HAL_DMA_Init
                0x08009d10       0xcc CMakeFiles/stm32f429_rosserial_test.elf.dir/Drivers/STM32F4xx_HAL_Driver/Src/stm32f4xx_hal_dma.c.obj
                0x08009d10                HAL_DMA_Init
 .text.HAL_DMA_DeInit
                0x08009ddc       0x64 CMakeFiles/stm32f429_rosserial_test.elf.dir/Drivers/STM32F4xx_HAL_Driver/Src/stm32f4xx_hal_dma.c.obj
                0x08009ddc                HAL_DMA_DeInit
 .text.HAL_DMA_Start_IT
                0x08009e40       0x6a CMakeFiles/stm32f429_rosserial_test.elf.dir/Drivers/STM32F4xx_HAL_Driver/Src/stm32f4xx_hal_dma.c.obj
                0x08009e40                HAL_DMA_Start_IT
 .text.HAL_DMA_Abort
                0x08009eaa       0x94 CMakeFiles/stm32f429_rosserial_test.elf.dir/Drivers/STM32F4xx_HAL_Driver/Src/stm32f4xx_hal_dma.c.obj
                0x08009eaa                HAL_DMA_Abort
 .text.HAL_DMA_Abort_IT
                0x08009f3e       0x26 CMakeFiles/stm32f429_rosserial_test.elf.dir/Drivers/STM32F4xx_HAL_Driver/Src/stm32f4xx_hal_dma.c.obj
                0x08009f3e                HAL_DMA_Abort_IT
 .text.HAL_DMA_IRQHandler
                0x08009f64      0x1dc CMakeFiles/stm32f429_rosserial_test.elf.dir/Drivers/STM32F4xx_HAL_Driver/Src/stm32f4xx_hal_dma.c.obj
                0x08009f64                HAL_DMA_IRQHandler
 .text.HAL_GPIO_Init
                0x0800a140      0x1fc CMakeFiles/stm32f429_rosserial_test.elf.dir/Drivers/STM32F4xx_HAL_Driver/Src/stm32f4xx_hal_gpio.c.obj
                0x0800a140                HAL_GPIO_Init
 .text.HAL_GPIO_DeInit
                0x0800a33c      0x14c CMakeFiles/stm32f429_rosserial_test.elf.dir/Drivers/STM32F4xx_HAL_Driver/Src/stm32f4xx_hal_gpio.c.obj
                0x0800a33c                HAL_GPIO_DeInit
 .text.HAL_GPIO_WritePin
                0x0800a488        0xc CMakeFiles/stm32f429_rosserial_test.elf.dir/Drivers/STM32F4xx_HAL_Driver/Src/stm32f4xx_hal_gpio.c.obj
                0x0800a488                HAL_GPIO_WritePin
 .text.HAL_PWREx_EnableOverDrive
                0x0800a494       0x7c CMakeFiles/stm32f429_rosserial_test.elf.dir/Drivers/STM32F4xx_HAL_Driver/Src/stm32f4xx_hal_pwr_ex.c.obj
                0x0800a494                HAL_PWREx_EnableOverDrive
 .text.HAL_RCC_OscConfig
                0x0800a510      0x3f8 CMakeFiles/stm32f429_rosserial_test.elf.dir/Drivers/STM32F4xx_HAL_Driver/Src/stm32f4xx_hal_rcc.c.obj
                0x0800a510                HAL_RCC_OscConfig
 .text.HAL_RCC_EnableCSS
                0x0800a908        0xc CMakeFiles/stm32f429_rosserial_test.elf.dir/Drivers/STM32F4xx_HAL_Driver/Src/stm32f4xx_hal_rcc.c.obj
                0x0800a908                HAL_RCC_EnableCSS
 .text.HAL_RCC_GetSysClockFreq
                0x0800a914       0xd4 CMakeFiles/stm32f429_rosserial_test.elf.dir/Drivers/STM32F4xx_HAL_Driver/Src/stm32f4xx_hal_rcc.c.obj
                0x0800a914                HAL_RCC_GetSysClockFreq
 .text.HAL_RCC_ClockConfig
                0x0800a9e8      0x160 CMakeFiles/stm32f429_rosserial_test.elf.dir/Drivers/STM32F4xx_HAL_Driver/Src/stm32f4xx_hal_rcc.c.obj
                0x0800a9e8                HAL_RCC_ClockConfig
 .text.HAL_RCC_GetHCLKFreq
                0x0800ab48        0xc CMakeFiles/stm32f429_rosserial_test.elf.dir/Drivers/STM32F4xx_HAL_Driver/Src/stm32f4xx_hal_rcc.c.obj
                0x0800ab48                HAL_RCC_GetHCLKFreq
 .text.HAL_RCC_GetPCLK1Freq
                0x0800ab54       0x20 CMakeFiles/stm32f429_rosserial_test.elf.dir/Drivers/STM32F4xx_HAL_Driver/Src/stm32f4xx_hal_rcc.c.obj
                0x0800ab54                HAL_RCC_GetPCLK1Freq
 .text.HAL_RCC_GetPCLK2Freq
                0x0800ab74       0x20 CMakeFiles/stm32f429_rosserial_test.elf.dir/Drivers/STM32F4xx_HAL_Driver/Src/stm32f4xx_hal_rcc.c.obj
                0x0800ab74                HAL_RCC_GetPCLK2Freq
 .text.HAL_RCC_CSSCallback
                0x0800ab94        0x2 CMakeFiles/stm32f429_rosserial_test.elf.dir/Drivers/STM32F4xx_HAL_Driver/Src/stm32f4xx_hal_rcc.c.obj
                0x0800ab94                HAL_RCC_CSSCallback
 *fill*         0x0800ab96        0x2 
 .text.HAL_RCC_NMI_IRQHandler
                0x0800ab98       0x20 CMakeFiles/stm32f429_rosserial_test.elf.dir/Drivers/STM32F4xx_HAL_Driver/Src/stm32f4xx_hal_rcc.c.obj
                0x0800ab98                HAL_RCC_NMI_IRQHandler
 .text.TIM_TI1_ConfigInputStage
                0x0800abb8       0x24 CMakeFiles/stm32f429_rosserial_test.elf.dir/Drivers/STM32F4xx_HAL_Driver/Src/stm32f4xx_hal_tim.c.obj
 .text.TIM_TI2_ConfigInputStage
                0x0800abdc       0x26 CMakeFiles/stm32f429_rosserial_test.elf.dir/Drivers/STM32F4xx_HAL_Driver/Src/stm32f4xx_hal_tim.c.obj
 .text.TIM_ITRx_SetConfig
                0x0800ac02       0x10 CMakeFiles/stm32f429_rosserial_test.elf.dir/Drivers/STM32F4xx_HAL_Driver/Src/stm32f4xx_hal_tim.c.obj
 *fill*         0x0800ac12        0x2 
 .text.HAL_TIM_Base_Start_IT
                0x0800ac14       0x88 CMakeFiles/stm32f429_rosserial_test.elf.dir/Drivers/STM32F4xx_HAL_Driver/Src/stm32f4xx_hal_tim.c.obj
                0x0800ac14                HAL_TIM_Base_Start_IT
 .text.HAL_TIM_OC_DelayElapsedCallback
                0x0800ac9c        0x2 CMakeFiles/stm32f429_rosserial_test.elf.dir/Drivers/STM32F4xx_HAL_Driver/Src/stm32f4xx_hal_tim.c.obj
                0x0800ac9c                HAL_TIM_OC_DelayElapsedCallback
 .text.HAL_TIM_IC_CaptureCallback
                0x0800ac9e        0x2 CMakeFiles/stm32f429_rosserial_test.elf.dir/Drivers/STM32F4xx_HAL_Driver/Src/stm32f4xx_hal_tim.c.obj
                0x0800ac9e                HAL_TIM_IC_CaptureCallback
 .text.HAL_TIM_PWM_PulseFinishedCallback
                0x0800aca0        0x2 CMakeFiles/stm32f429_rosserial_test.elf.dir/Drivers/STM32F4xx_HAL_Driver/Src/stm32f4xx_hal_tim.c.obj
                0x0800aca0                HAL_TIM_PWM_PulseFinishedCallback
 .text.HAL_TIM_TriggerCallback
                0x0800aca2        0x2 CMakeFiles/stm32f429_rosserial_test.elf.dir/Drivers/STM32F4xx_HAL_Driver/Src/stm32f4xx_hal_tim.c.obj
                0x0800aca2                HAL_TIM_TriggerCallback
 .text.HAL_TIM_IRQHandler
                0x0800aca4      0x17a CMakeFiles/stm32f429_rosserial_test.elf.dir/Drivers/STM32F4xx_HAL_Driver/Src/stm32f4xx_hal_tim.c.obj
                0x0800aca4                HAL_TIM_IRQHandler
 *fill*         0x0800ae1e        0x2 
 .text.TIM_Base_SetConfig
                0x0800ae20       0xc8 CMakeFiles/stm32f429_rosserial_test.elf.dir/Drivers/STM32F4xx_HAL_Driver/Src/stm32f4xx_hal_tim.c.obj
                0x0800ae20                TIM_Base_SetConfig
 .text.HAL_TIM_Base_Init
                0x0800aee8       0x58 CMakeFiles/stm32f429_rosserial_test.elf.dir/Drivers/STM32F4xx_HAL_Driver/Src/stm32f4xx_hal_tim.c.obj
                0x0800aee8                HAL_TIM_Base_Init
 .text.TIM_ETR_SetConfig
                0x0800af40       0x18 CMakeFiles/stm32f429_rosserial_test.elf.dir/Drivers/STM32F4xx_HAL_Driver/Src/stm32f4xx_hal_tim.c.obj
                0x0800af40                TIM_ETR_SetConfig
 .text.HAL_TIM_ConfigClockSource
                0x0800af58       0xfe CMakeFiles/stm32f429_rosserial_test.elf.dir/Drivers/STM32F4xx_HAL_Driver/Src/stm32f4xx_hal_tim.c.obj
                0x0800af58                HAL_TIM_ConfigClockSource
 *fill*         0x0800b056        0x2 
 .text.HAL_TIMEx_MasterConfigSynchronization
                0x0800b058       0x8c CMakeFiles/stm32f429_rosserial_test.elf.dir/Drivers/STM32F4xx_HAL_Driver/Src/stm32f4xx_hal_tim_ex.c.obj
                0x0800b058                HAL_TIMEx_MasterConfigSynchronization
 .text.HAL_TIMEx_CommutCallback
                0x0800b0e4        0x2 CMakeFiles/stm32f429_rosserial_test.elf.dir/Drivers/STM32F4xx_HAL_Driver/Src/stm32f4xx_hal_tim_ex.c.obj
                0x0800b0e4                HAL_TIMEx_CommutCallback
 .text.HAL_TIMEx_BreakCallback
                0x0800b0e6        0x2 CMakeFiles/stm32f429_rosserial_test.elf.dir/Drivers/STM32F4xx_HAL_Driver/Src/stm32f4xx_hal_tim_ex.c.obj
                0x0800b0e6                HAL_TIMEx_BreakCallback
 .text.UART_EndTxTransfer
                0x0800b0e8       0x20 CMakeFiles/stm32f429_rosserial_test.elf.dir/Drivers/STM32F4xx_HAL_Driver/Src/stm32f4xx_hal_uart.c.obj
 .text.UART_EndRxTransfer
                0x0800b108       0x5c CMakeFiles/stm32f429_rosserial_test.elf.dir/Drivers/STM32F4xx_HAL_Driver/Src/stm32f4xx_hal_uart.c.obj
 .text.UART_Transmit_IT
                0x0800b164       0x60 CMakeFiles/stm32f429_rosserial_test.elf.dir/Drivers/STM32F4xx_HAL_Driver/Src/stm32f4xx_hal_uart.c.obj
 .text.UART_SetConfig
                0x0800b1c4      0x110 CMakeFiles/stm32f429_rosserial_test.elf.dir/Drivers/STM32F4xx_HAL_Driver/Src/stm32f4xx_hal_uart.c.obj
 .text.HAL_UART_Init
                0x0800b2d4       0x5e CMakeFiles/stm32f429_rosserial_test.elf.dir/Drivers/STM32F4xx_HAL_Driver/Src/stm32f4xx_hal_uart.c.obj
                0x0800b2d4                HAL_UART_Init
 .text.HAL_UART_DeInit
                0x0800b332       0x32 CMakeFiles/stm32f429_rosserial_test.elf.dir/Drivers/STM32F4xx_HAL_Driver/Src/stm32f4xx_hal_uart.c.obj
                0x0800b332                HAL_UART_DeInit
 .text.HAL_UART_Transmit_DMA
                0x0800b364       0x9c CMakeFiles/stm32f429_rosserial_test.elf.dir/Drivers/STM32F4xx_HAL_Driver/Src/stm32f4xx_hal_uart.c.obj
                0x0800b364                HAL_UART_Transmit_DMA
 .text.UART_DMATransmitCplt
                0x0800b400       0x4c CMakeFiles/stm32f429_rosserial_test.elf.dir/Drivers/STM32F4xx_HAL_Driver/Src/stm32f4xx_hal_uart.c.obj
 .text.UART_EndTransmit_IT
                0x0800b44c       0x1a CMakeFiles/stm32f429_rosserial_test.elf.dir/Drivers/STM32F4xx_HAL_Driver/Src/stm32f4xx_hal_uart.c.obj
 .text.HAL_UART_TxHalfCpltCallback
                0x0800b466        0x2 CMakeFiles/stm32f429_rosserial_test.elf.dir/Drivers/STM32F4xx_HAL_Driver/Src/stm32f4xx_hal_uart.c.obj
                0x0800b466                HAL_UART_TxHalfCpltCallback
 .text.UART_DMATxHalfCplt
                0x0800b468        0xa CMakeFiles/stm32f429_rosserial_test.elf.dir/Drivers/STM32F4xx_HAL_Driver/Src/stm32f4xx_hal_uart.c.obj
 .text.HAL_UART_RxCpltCallback
                0x0800b472        0x2 CMakeFiles/stm32f429_rosserial_test.elf.dir/Drivers/STM32F4xx_HAL_Driver/Src/stm32f4xx_hal_uart.c.obj
                0x0800b472                HAL_UART_RxCpltCallback
 .text.HAL_UART_RxHalfCpltCallback
                0x0800b474        0x2 CMakeFiles/stm32f429_rosserial_test.elf.dir/Drivers/STM32F4xx_HAL_Driver/Src/stm32f4xx_hal_uart.c.obj
                0x0800b474                HAL_UART_RxHalfCpltCallback
 .text.UART_DMAError
                0x0800b476       0x58 CMakeFiles/stm32f429_rosserial_test.elf.dir/Drivers/STM32F4xx_HAL_Driver/Src/stm32f4xx_hal_uart.c.obj
 .text.UART_DMAAbortOnError
                0x0800b4ce       0x10 CMakeFiles/stm32f429_rosserial_test.elf.dir/Drivers/STM32F4xx_HAL_Driver/Src/stm32f4xx_hal_uart.c.obj
 .text.HAL_UARTEx_RxEventCallback
                0x0800b4de        0x2 CMakeFiles/stm32f429_rosserial_test.elf.dir/Drivers/STM32F4xx_HAL_Driver/Src/stm32f4xx_hal_uart.c.obj
                0x0800b4de                HAL_UARTEx_RxEventCallback
 .text.UART_Receive_IT
                0x0800b4e0       0xe2 CMakeFiles/stm32f429_rosserial_test.elf.dir/Drivers/STM32F4xx_HAL_Driver/Src/stm32f4xx_hal_uart.c.obj
 *fill*         0x0800b5c2        0x2 
 .text.HAL_UART_IRQHandler
                0x0800b5c4      0x280 CMakeFiles/stm32f429_rosserial_test.elf.dir/Drivers/STM32F4xx_HAL_Driver/Src/stm32f4xx_hal_uart.c.obj
                0x0800b5c4                HAL_UART_IRQHandler
 .text.UART_DMARxHalfCplt
                0x0800b844       0x1a CMakeFiles/stm32f429_rosserial_test.elf.dir/Drivers/STM32F4xx_HAL_Driver/Src/stm32f4xx_hal_uart.c.obj
 .text.UART_DMAReceiveCplt
                0x0800b85e       0x96 CMakeFiles/stm32f429_rosserial_test.elf.dir/Drivers/STM32F4xx_HAL_Driver/Src/stm32f4xx_hal_uart.c.obj
 .text.UART_Start_Receive_DMA
                0x0800b8f4       0xa8 CMakeFiles/stm32f429_rosserial_test.elf.dir/Drivers/STM32F4xx_HAL_Driver/Src/stm32f4xx_hal_uart.c.obj
                0x0800b8f4                UART_Start_Receive_DMA
 .text.HAL_UART_Receive_DMA
                0x0800b99c       0x38 CMakeFiles/stm32f429_rosserial_test.elf.dir/Drivers/STM32F4xx_HAL_Driver/Src/stm32f4xx_hal_uart.c.obj
                0x0800b99c                HAL_UART_Receive_DMA
 .text._ZNK10__cxxabiv117__class_type_info11__do_upcastEPKS0_PPv
                0x0800b9d4       0x34 c:/progra~2/gnuarm~1/102021~1.10/bin/../lib/gcc/arm-none-eabi/10.3.1/../../../../arm-none-eabi/lib/thumb/v7e-m/nofp\libstdc++.a(class_type_info.o)
                0x0800b9d4                __cxxabiv1::__class_type_info::__do_upcast(__cxxabiv1::__class_type_info const*, void**) const
 .text._ZNK10__cxxabiv117__class_type_info20__do_find_public_srcEiPKvPKS0_S2_
                0x0800ba08        0xc c:/progra~2/gnuarm~1/102021~1.10/bin/../lib/gcc/arm-none-eabi/10.3.1/../../../../arm-none-eabi/lib/thumb/v7e-m/nofp\libstdc++.a(class_type_info.o)
                0x0800ba08                __cxxabiv1::__class_type_info::__do_find_public_src(int, void const*, __cxxabiv1::__class_type_info const*, void const*) const
 .text._ZN10__cxxabiv117__class_type_infoD2Ev
                0x0800ba14       0x14 c:/progra~2/gnuarm~1/102021~1.10/bin/../lib/gcc/arm-none-eabi/10.3.1/../../../../arm-none-eabi/lib/thumb/v7e-m/nofp\libstdc++.a(class_type_info.o)
                0x0800ba14                __cxxabiv1::__class_type_info::~__class_type_info()
                0x0800ba14                __cxxabiv1::__class_type_info::~__class_type_info()
 .text._ZN10__cxxabiv117__class_type_infoD0Ev
                0x0800ba28       0x1c c:/progra~2/gnuarm~1/102021~1.10/bin/../lib/gcc/arm-none-eabi/10.3.1/../../../../arm-none-eabi/lib/thumb/v7e-m/nofp\libstdc++.a(class_type_info.o)
                0x0800ba28                __cxxabiv1::__class_type_info::~__class_type_info()
 .text._ZNK10__cxxabiv117__class_type_info12__do_dyncastEiNS0_10__sub_kindEPKS0_PKvS3_S5_RNS0_16__dyncast_resultE
                0x0800ba44       0x44 c:/progra~2/gnuarm~1/102021~1.10/bin/../lib/gcc/arm-none-eabi/10.3.1/../../../../arm-none-eabi/lib/thumb/v7e-m/nofp\libstdc++.a(class_type_info.o)
                0x0800ba44                __cxxabiv1::__class_type_info::__do_dyncast(int, __cxxabiv1::__class_type_info::__sub_kind, __cxxabiv1::__class_type_info const*, void const*, __cxxabiv1::__class_type_info const*, void const*, __cxxabiv1::__class_type_info::__dyncast_result&) const
 .text._ZNK10__cxxabiv117__class_type_info11__do_upcastEPKS0_PKvRNS0_15__upcast_resultE
                0x0800ba88       0x1c c:/progra~2/gnuarm~1/102021~1.10/bin/../lib/gcc/arm-none-eabi/10.3.1/../../../../arm-none-eabi/lib/thumb/v7e-m/nofp\libstdc++.a(class_type_info.o)
                0x0800ba88                __cxxabiv1::__class_type_info::__do_upcast(__cxxabiv1::__class_type_info const*, void const*, __cxxabiv1::__class_type_info::__upcast_result&) const
 .text._ZNK10__cxxabiv117__class_type_info10__do_catchEPKSt9type_infoPPvj
                0x0800baa4       0x2c c:/progra~2/gnuarm~1/102021~1.10/bin/../lib/gcc/arm-none-eabi/10.3.1/../../../../arm-none-eabi/lib/thumb/v7e-m/nofp\libstdc++.a(class_type_info.o)
                0x0800baa4                __cxxabiv1::__class_type_info::__do_catch(std::type_info const*, void**, unsigned int) const
 .text._ZdlPvj  0x0800bad0        0x4 c:/progra~2/gnuarm~1/102021~1.10/bin/../lib/gcc/arm-none-eabi/10.3.1/../../../../arm-none-eabi/lib/thumb/v7e-m/nofp\libstdc++.a(del_ops.o)
                0x0800bad0                operator delete(void*, unsigned int)
 .text.__cxa_pure_virtual
                0x0800bad4       0x14 c:/progra~2/gnuarm~1/102021~1.10/bin/../lib/gcc/arm-none-eabi/10.3.1/../../../../arm-none-eabi/lib/thumb/v7e-m/nofp\libstdc++.a(pure.o)
                0x0800bad4                __cxa_pure_virtual
 .text._ZN10__cxxabiv120__si_class_type_infoD2Ev
                0x0800bae8       0x14 c:/progra~2/gnuarm~1/102021~1.10/bin/../lib/gcc/arm-none-eabi/10.3.1/../../../../arm-none-eabi/lib/thumb/v7e-m/nofp\libstdc++.a(si_class_type_info.o)
                0x0800bae8                __cxxabiv1::__si_class_type_info::~__si_class_type_info()
                0x0800bae8                __cxxabiv1::__si_class_type_info::~__si_class_type_info()
 .text._ZN10__cxxabiv120__si_class_type_infoD0Ev
                0x0800bafc       0x1c c:/progra~2/gnuarm~1/102021~1.10/bin/../lib/gcc/arm-none-eabi/10.3.1/../../../../arm-none-eabi/lib/thumb/v7e-m/nofp\libstdc++.a(si_class_type_info.o)
                0x0800bafc                __cxxabiv1::__si_class_type_info::~__si_class_type_info()
 .text._ZNK10__cxxabiv120__si_class_type_info20__do_find_public_srcEiPKvPKNS_17__class_type_infoES2_
                0x0800bb18       0x3c c:/progra~2/gnuarm~1/102021~1.10/bin/../lib/gcc/arm-none-eabi/10.3.1/../../../../arm-none-eabi/lib/thumb/v7e-m/nofp\libstdc++.a(si_class_type_info.o)
                0x0800bb18                __cxxabiv1::__si_class_type_info::__do_find_public_src(int, void const*, __cxxabiv1::__class_type_info const*, void const*) const
 .text._ZNK10__cxxabiv120__si_class_type_info12__do_dyncastEiNS_17__class_type_info10__sub_kindEPKS1_PKvS4_S6_RNS1_16__dyncast_resultE
                0x0800bb54       0x84 c:/progra~2/gnuarm~1/102021~1.10/bin/../lib/gcc/arm-none-eabi/10.3.1/../../../../arm-none-eabi/lib/thumb/v7e-m/nofp\libstdc++.a(si_class_type_info.o)
                0x0800bb54                __cxxabiv1::__si_class_type_info::__do_dyncast(int, __cxxabiv1::__class_type_info::__sub_kind, __cxxabiv1::__class_type_info const*, void const*, __cxxabiv1::__class_type_info const*, void const*, __cxxabiv1::__class_type_info::__dyncast_result&) const
 .text._ZNK10__cxxabiv120__si_class_type_info11__do_upcastEPKNS_17__class_type_infoEPKvRNS1_15__upcast_resultE
                0x0800bbd8       0x2c c:/progra~2/gnuarm~1/102021~1.10/bin/../lib/gcc/arm-none-eabi/10.3.1/../../../../arm-none-eabi/lib/thumb/v7e-m/nofp\libstdc++.a(si_class_type_info.o)
                0x0800bbd8                __cxxabiv1::__si_class_type_info::__do_upcast(__cxxabiv1::__class_type_info const*, void const*, __cxxabiv1::__class_type_info::__upcast_result&) const
 .text._ZNSt9type_infoD2Ev
                0x0800bc04        0x4 c:/progra~2/gnuarm~1/102021~1.10/bin/../lib/gcc/arm-none-eabi/10.3.1/../../../../arm-none-eabi/lib/thumb/v7e-m/nofp\libstdc++.a(tinfo.o)
                0x0800bc04                std::type_info::~type_info()
                0x0800bc04                std::type_info::~type_info()
 .text._ZNKSt9type_info14__is_pointer_pEv
                0x0800bc08        0x4 c:/progra~2/gnuarm~1/102021~1.10/bin/../lib/gcc/arm-none-eabi/10.3.1/../../../../arm-none-eabi/lib/thumb/v7e-m/nofp\libstdc++.a(tinfo.o)
                0x0800bc08                std::type_info::__is_pointer_p() const
                0x0800bc08                std::type_info::__is_function_p() const
 .text._ZNKSt9type_infoeqERKS_
                0x0800bc0c       0x2c c:/progra~2/gnuarm~1/102021~1.10/bin/../lib/gcc/arm-none-eabi/10.3.1/../../../../arm-none-eabi/lib/thumb/v7e-m/nofp\libstdc++.a(tinfo.o)
                0x0800bc0c                std::type_info::operator==(std::type_info const&) const
 .text._ZdlPv   0x0800bc38        0x4 c:/progra~2/gnuarm~1/102021~1.10/bin/../lib/gcc/arm-none-eabi/10.3.1/../../../../arm-none-eabi/lib/thumb/v7e-m/nofp\libstdc++.a(del_op.o)
                0x0800bc38                operator delete(void*)
 .text._ZN10__cxxabiv111__terminateEPFvvE
                0x0800bc3c       0x28 c:/progra~2/gnuarm~1/102021~1.10/bin/../lib/gcc/arm-none-eabi/10.3.1/../../../../arm-none-eabi/lib/thumb/v7e-m/nofp\libstdc++.a(eh_terminate.o)
                0x0800bc3c                __cxxabiv1::__terminate(void (*)())
 .text._ZSt9terminatev
                0x0800bc64       0x14 c:/progra~2/gnuarm~1/102021~1.10/bin/../lib/gcc/arm-none-eabi/10.3.1/../../../../arm-none-eabi/lib/thumb/v7e-m/nofp\libstdc++.a(eh_terminate.o)
                0x0800bc64                std::terminate()
 .text._ZN10__cxxabiv112__unexpectedEPFvvE
                0x0800bc78        0x8 c:/progra~2/gnuarm~1/102021~1.10/bin/../lib/gcc/arm-none-eabi/10.3.1/../../../../arm-none-eabi/lib/thumb/v7e-m/nofp\libstdc++.a(eh_terminate.o)
                0x0800bc78                __cxxabiv1::__unexpected(void (*)())
 .text._ZSt10unexpectedv
                0x0800bc80       0x14 c:/progra~2/gnuarm~1/102021~1.10/bin/../lib/gcc/arm-none-eabi/10.3.1/../../../../arm-none-eabi/lib/thumb/v7e-m/nofp\libstdc++.a(eh_terminate.o)
                0x0800bc80                std::unexpected()
 .text._ZSt13get_terminatev
                0x0800bc94       0x10 c:/progra~2/gnuarm~1/102021~1.10/bin/../lib/gcc/arm-none-eabi/10.3.1/../../../../arm-none-eabi/lib/thumb/v7e-m/nofp\libstdc++.a(eh_terminate.o)
                0x0800bc94                std::get_terminate()
 .text._ZSt14get_unexpectedv
                0x0800bca4       0x10 c:/progra~2/gnuarm~1/102021~1.10/bin/../lib/gcc/arm-none-eabi/10.3.1/../../../../arm-none-eabi/lib/thumb/v7e-m/nofp\libstdc++.a(eh_terminate.o)
                0x0800bca4                std::get_unexpected()
 .text._ZN9__gnu_cxx27__verbose_terminate_handlerEv
                0x0800bcb4      0x10c c:/progra~2/gnuarm~1/102021~1.10/bin/../lib/gcc/arm-none-eabi/10.3.1/../../../../arm-none-eabi/lib/thumb/v7e-m/nofp\libstdc++.a(vterminate.o)
                0x0800bcb4                __gnu_cxx::__verbose_terminate_handler()
 .text.__cxa_end_cleanup
                0x0800bdc0        0xc c:/progra~2/gnuarm~1/102021~1.10/bin/../lib/gcc/arm-none-eabi/10.3.1/../../../../arm-none-eabi/lib/thumb/v7e-m/nofp\libstdc++.a(eh_arm.o)
                0x0800bdc0                __cxa_end_cleanup
 .text.__cxa_type_match
                0x0800bdcc       0xb4 c:/progra~2/gnuarm~1/102021~1.10/bin/../lib/gcc/arm-none-eabi/10.3.1/../../../../arm-none-eabi/lib/thumb/v7e-m/nofp\libstdc++.a(eh_arm.o)
                0x0800bdcc                __cxa_type_match
 .text.__cxa_begin_cleanup
                0x0800be80       0x64 c:/progra~2/gnuarm~1/102021~1.10/bin/../lib/gcc/arm-none-eabi/10.3.1/../../../../arm-none-eabi/lib/thumb/v7e-m/nofp\libstdc++.a(eh_arm.o)
                0x0800be80                __cxa_begin_cleanup
 .text.__gnu_end_cleanup
                0x0800bee4       0x70 c:/progra~2/gnuarm~1/102021~1.10/bin/../lib/gcc/arm-none-eabi/10.3.1/../../../../arm-none-eabi/lib/thumb/v7e-m/nofp\libstdc++.a(eh_arm.o)
                0x0800bee4                __gnu_end_cleanup
 .text._ZN10__cxxabiv1L24__is_gxx_exception_classEPc
                0x0800bf54       0x3c c:/progra~2/gnuarm~1/102021~1.10/bin/../lib/gcc/arm-none-eabi/10.3.1/../../../../arm-none-eabi/lib/thumb/v7e-m/nofp\libstdc++.a(eh_call.o)
 .text.__cxa_call_terminate
                0x0800bf90       0x20 c:/progra~2/gnuarm~1/102021~1.10/bin/../lib/gcc/arm-none-eabi/10.3.1/../../../../arm-none-eabi/lib/thumb/v7e-m/nofp\libstdc++.a(eh_call.o)
                0x0800bf90                __cxa_call_terminate
 .text.unlikely.__cxa_call_unexpected
                0x0800bfb0       0xe4 c:/progra~2/gnuarm~1/102021~1.10/bin/../lib/gcc/arm-none-eabi/10.3.1/../../../../arm-none-eabi/lib/thumb/v7e-m/nofp\libstdc++.a(eh_call.o)
                0x0800bfb0                __cxa_call_unexpected
 .text.__cxa_begin_catch
                0x0800c094       0x7c c:/progra~2/gnuarm~1/102021~1.10/bin/../lib/gcc/arm-none-eabi/10.3.1/../../../../arm-none-eabi/lib/thumb/v7e-m/nofp\libstdc++.a(eh_catch.o)
                0x0800c094                __cxa_begin_catch
 .text.__cxa_end_catch
                0x0800c110       0x8c c:/progra~2/gnuarm~1/102021~1.10/bin/../lib/gcc/arm-none-eabi/10.3.1/../../../../arm-none-eabi/lib/thumb/v7e-m/nofp\libstdc++.a(eh_catch.o)
                0x0800c110                __cxa_end_catch
 .text._ZNSt13bad_exceptionD2Ev
                0x0800c19c        0x4 c:/progra~2/gnuarm~1/102021~1.10/bin/../lib/gcc/arm-none-eabi/10.3.1/../../../../arm-none-eabi/lib/thumb/v7e-m/nofp\libstdc++.a(eh_exception.o)
                0x0800c19c                std::bad_exception::~bad_exception()
                0x0800c19c                std::bad_exception::~bad_exception()
 .text._ZNKSt13bad_exception4whatEv
                0x0800c1a0        0x8 c:/progra~2/gnuarm~1/102021~1.10/bin/../lib/gcc/arm-none-eabi/10.3.1/../../../../arm-none-eabi/lib/thumb/v7e-m/nofp\libstdc++.a(eh_exception.o)
                0x0800c1a0                std::bad_exception::what() const
                0x0800c1a0                transaction clone for std::bad_exception::what() const
 .text._ZNSt13bad_exceptionD0Ev
                0x0800c1a8       0x10 c:/progra~2/gnuarm~1/102021~1.10/bin/../lib/gcc/arm-none-eabi/10.3.1/../../../../arm-none-eabi/lib/thumb/v7e-m/nofp\libstdc++.a(eh_exception.o)
                0x0800c1a8                std::bad_exception::~bad_exception()
 .text.__cxa_get_globals_fast
                0x0800c1b8        0x8 c:/progra~2/gnuarm~1/102021~1.10/bin/../lib/gcc/arm-none-eabi/10.3.1/../../../../arm-none-eabi/lib/thumb/v7e-m/nofp\libstdc++.a(eh_globals.o)
                0x0800c1b8                __cxa_get_globals_fast
 .text.__cxa_get_globals
                0x0800c1c0        0x8 c:/progra~2/gnuarm~1/102021~1.10/bin/../lib/gcc/arm-none-eabi/10.3.1/../../../../arm-none-eabi/lib/thumb/v7e-m/nofp\libstdc++.a(eh_globals.o)
                0x0800c1c0                __cxa_get_globals
 .text._ZL28read_encoded_value_with_basehjPKhPj
                0x0800c1c8       0xc0 c:/progra~2/gnuarm~1/102021~1.10/bin/../lib/gcc/arm-none-eabi/10.3.1/../../../../arm-none-eabi/lib/thumb/v7e-m/nofp\libstdc++.a(eh_personality.o)
 .text._ZL21base_of_encoded_valuehP15_Unwind_Context
                0x0800c288       0x48 c:/progra~2/gnuarm~1/102021~1.10/bin/../lib/gcc/arm-none-eabi/10.3.1/../../../../arm-none-eabi/lib/thumb/v7e-m/nofp\libstdc++.a(eh_personality.o)
 .text._ZL17parse_lsda_headerP15_Unwind_ContextPKhP16lsda_header_info
                0x0800c2d0       0x94 c:/progra~2/gnuarm~1/102021~1.10/bin/../lib/gcc/arm-none-eabi/10.3.1/../../../../arm-none-eabi/lib/thumb/v7e-m/nofp\libstdc++.a(eh_personality.o)
 .text.__gxx_personality_v0
                0x0800c364      0x4a8 c:/progra~2/gnuarm~1/102021~1.10/bin/../lib/gcc/arm-none-eabi/10.3.1/../../../../arm-none-eabi/lib/thumb/v7e-m/nofp\libstdc++.a(eh_personality.o)
                0x0800c364                __gxx_personality_v0
 .text._ZL23__gxx_exception_cleanup19_Unwind_Reason_CodeP21_Unwind_Control_Block
                0x0800c80c       0x44 c:/progra~2/gnuarm~1/102021~1.10/bin/../lib/gcc/arm-none-eabi/10.3.1/../../../../arm-none-eabi/lib/thumb/v7e-m/nofp\libstdc++.a(eh_throw.o)
 .text.__cxa_init_primary_exception
                0x0800c850       0x58 c:/progra~2/gnuarm~1/102021~1.10/bin/../lib/gcc/arm-none-eabi/10.3.1/../../../../arm-none-eabi/lib/thumb/v7e-m/nofp\libstdc++.a(eh_throw.o)
                0x0800c850                __cxa_init_primary_exception
 .text.__cxa_throw
                0x0800c8a8       0x34 c:/progra~2/gnuarm~1/102021~1.10/bin/../lib/gcc/arm-none-eabi/10.3.1/../../../../arm-none-eabi/lib/thumb/v7e-m/nofp\libstdc++.a(eh_throw.o)
                0x0800c8a8                __cxa_throw
 .text.__cxa_rethrow
                0x0800c8dc       0x70 c:/progra~2/gnuarm~1/102021~1.10/bin/../lib/gcc/arm-none-eabi/10.3.1/../../../../arm-none-eabi/lib/thumb/v7e-m/nofp\libstdc++.a(eh_throw.o)
                0x0800c8dc                __cxa_rethrow
 .text.__cxa_current_exception_type
                0x0800c94c       0x1c c:/progra~2/gnuarm~1/102021~1.10/bin/../lib/gcc/arm-none-eabi/10.3.1/../../../../arm-none-eabi/lib/thumb/v7e-m/nofp\libstdc++.a(eh_type.o)
                0x0800c94c                __cxa_current_exception_type
 .text._ZN12_GLOBAL__N_14pool4freeEPv.constprop.0
                0x0800c968       0x88 c:/progra~2/gnuarm~1/102021~1.10/bin/../lib/gcc/arm-none-eabi/10.3.1/../../../../arm-none-eabi/lib/thumb/v7e-m/nofp\libstdc++.a(eh_alloc.o)
 .text._ZN12_GLOBAL__N_14pool8allocateEj.constprop.0
                0x0800c9f0       0x5c c:/progra~2/gnuarm~1/102021~1.10/bin/../lib/gcc/arm-none-eabi/10.3.1/../../../../arm-none-eabi/lib/thumb/v7e-m/nofp\libstdc++.a(eh_alloc.o)
 .text.__cxa_allocate_exception
                0x0800ca4c       0x30 c:/progra~2/gnuarm~1/102021~1.10/bin/../lib/gcc/arm-none-eabi/10.3.1/../../../../arm-none-eabi/lib/thumb/v7e-m/nofp\libstdc++.a(eh_alloc.o)
                0x0800ca4c                __cxa_allocate_exception
 .text.__cxa_free_exception
                0x0800ca7c       0x20 c:/progra~2/gnuarm~1/102021~1.10/bin/../lib/gcc/arm-none-eabi/10.3.1/../../../../arm-none-eabi/lib/thumb/v7e-m/nofp\libstdc++.a(eh_alloc.o)
                0x0800ca7c                __cxa_free_exception
 .text.startup._GLOBAL__sub_I__ZN9__gnu_cxx9__freeresEv
                0x0800ca9c       0x28 c:/progra~2/gnuarm~1/102021~1.10/bin/../lib/gcc/arm-none-eabi/10.3.1/../../../../arm-none-eabi/lib/thumb/v7e-m/nofp\libstdc++.a(eh_alloc.o)
 .text.unlikely
                0x0800cac4        0xc c:/progra~2/gnuarm~1/102021~1.10/bin/../lib/gcc/arm-none-eabi/10.3.1/thumb/v7e-m/nofp\libgcc.a(pr-support.o)
                0x0800cac4                _Unwind_GetDataRelBase
                0x0800caca                _Unwind_GetTextRelBase
 .text.abort    0x0800cad0       0x10 c:/progra~2/gnuarm~1/102021~1.10/bin/../lib/gcc/arm-none-eabi/10.3.1/../../../../arm-none-eabi/lib/thumb/v7e-m/nofp\libg.a(lib_a-abort.o)
                0x0800cad0                abort
 .text.__errno  0x0800cae0        0xc c:/progra~2/gnuarm~1/102021~1.10/bin/../lib/gcc/arm-none-eabi/10.3.1/../../../../arm-none-eabi/lib/thumb/v7e-m/nofp\libg.a(lib_a-errno.o)
                0x0800cae0                __errno
 .text.fputc    0x0800caec       0x58 c:/progra~2/gnuarm~1/102021~1.10/bin/../lib/gcc/arm-none-eabi/10.3.1/../../../../arm-none-eabi/lib/thumb/v7e-m/nofp\libg.a(lib_a-fputc.o)
                0x0800caec                fputc
 .text._fputs_r
                0x0800cb44       0x88 c:/progra~2/gnuarm~1/102021~1.10/bin/../lib/gcc/arm-none-eabi/10.3.1/../../../../arm-none-eabi/lib/thumb/v7e-m/nofp\libg.a(lib_a-fputs.o)
                0x0800cb44                _fputs_r
 .text.fputs    0x0800cbcc       0x18 c:/progra~2/gnuarm~1/102021~1.10/bin/../lib/gcc/arm-none-eabi/10.3.1/../../../../arm-none-eabi/lib/thumb/v7e-m/nofp\libg.a(lib_a-fputs.o)
                0x0800cbcc                fputs
 .text.__sfvwrite_r
                0x0800cbe4      0x2e8 c:/progra~2/gnuarm~1/102021~1.10/bin/../lib/gcc/arm-none-eabi/10.3.1/../../../../arm-none-eabi/lib/thumb/v7e-m/nofp\libg.a(lib_a-fvwrite.o)
                0x0800cbe4                __sfvwrite_r
 .text._fwrite_r
                0x0800cecc       0xa8 c:/progra~2/gnuarm~1/102021~1.10/bin/../lib/gcc/arm-none-eabi/10.3.1/../../../../arm-none-eabi/lib/thumb/v7e-m/nofp\libg.a(lib_a-fwrite.o)
                0x0800cecc                _fwrite_r
 .text.fwrite   0x0800cf74       0x20 c:/progra~2/gnuarm~1/102021~1.10/bin/../lib/gcc/arm-none-eabi/10.3.1/../../../../arm-none-eabi/lib/thumb/v7e-m/nofp\libg.a(lib_a-fwrite.o)
                0x0800cf74                fwrite
 .text.__libc_init_array
                0x0800cf94       0x48 c:/progra~2/gnuarm~1/102021~1.10/bin/../lib/gcc/arm-none-eabi/10.3.1/../../../../arm-none-eabi/lib/thumb/v7e-m/nofp\libg.a(lib_a-init.o)
                0x0800cf94                __libc_init_array
 .text.__retarget_lock_init_recursive
                0x0800cfdc        0x4 c:/progra~2/gnuarm~1/102021~1.10/bin/../lib/gcc/arm-none-eabi/10.3.1/../../../../arm-none-eabi/lib/thumb/v7e-m/nofp\libg.a(lib_a-lock.o)
                0x0800cfdc                __retarget_lock_init_recursive
 .text.__retarget_lock_close_recursive
                0x0800cfe0        0x4 c:/progra~2/gnuarm~1/102021~1.10/bin/../lib/gcc/arm-none-eabi/10.3.1/../../../../arm-none-eabi/lib/thumb/v7e-m/nofp\libg.a(lib_a-lock.o)
                0x0800cfe0                __retarget_lock_close_recursive
 .text.__retarget_lock_acquire_recursive
                0x0800cfe4        0x4 c:/progra~2/gnuarm~1/102021~1.10/bin/../lib/gcc/arm-none-eabi/10.3.1/../../../../arm-none-eabi/lib/thumb/v7e-m/nofp\libg.a(lib_a-lock.o)
                0x0800cfe4                __retarget_lock_acquire_recursive
 .text.__retarget_lock_release_recursive
                0x0800cfe8        0x4 c:/progra~2/gnuarm~1/102021~1.10/bin/../lib/gcc/arm-none-eabi/10.3.1/../../../../arm-none-eabi/lib/thumb/v7e-m/nofp\libg.a(lib_a-lock.o)
                0x0800cfe8                __retarget_lock_release_recursive
 .text.malloc   0x0800cfec       0x10 c:/progra~2/gnuarm~1/102021~1.10/bin/../lib/gcc/arm-none-eabi/10.3.1/../../../../arm-none-eabi/lib/thumb/v7e-m/nofp\libg.a(lib_a-malloc.o)
                0x0800cfec                malloc
 .text.free     0x0800cffc       0x10 c:/progra~2/gnuarm~1/102021~1.10/bin/../lib/gcc/arm-none-eabi/10.3.1/../../../../arm-none-eabi/lib/thumb/v7e-m/nofp\libg.a(lib_a-malloc.o)
                0x0800cffc                free
 .text._malloc_r
                0x0800d00c      0x560 c:/progra~2/gnuarm~1/102021~1.10/bin/../lib/gcc/arm-none-eabi/10.3.1/../../../../arm-none-eabi/lib/thumb/v7e-m/nofp\libg.a(lib_a-mallocr.o)
                0x0800d00c                _malloc_r
 .text.memcmp   0x0800d56c       0x68 c:/progra~2/gnuarm~1/102021~1.10/bin/../lib/gcc/arm-none-eabi/10.3.1/../../../../arm-none-eabi/lib/thumb/v7e-m/nofp\libg.a(lib_a-memcmp.o)
                0x0800d56c                memcmp
 .text.memmove  0x0800d5d4       0xf8 c:/progra~2/gnuarm~1/102021~1.10/bin/../lib/gcc/arm-none-eabi/10.3.1/../../../../arm-none-eabi/lib/thumb/v7e-m/nofp\libg.a(lib_a-memmove.o)
                0x0800d5d4                memmove
 .text.memset   0x0800d6cc       0xa4 c:/progra~2/gnuarm~1/102021~1.10/bin/../lib/gcc/arm-none-eabi/10.3.1/../../../../arm-none-eabi/lib/thumb/v7e-m/nofp\libg.a(lib_a-memset.o)
                0x0800d6cc                memset
 .text.__malloc_lock
                0x0800d770        0xc c:/progra~2/gnuarm~1/102021~1.10/bin/../lib/gcc/arm-none-eabi/10.3.1/../../../../arm-none-eabi/lib/thumb/v7e-m/nofp\libg.a(lib_a-mlock.o)
                0x0800d770                __malloc_lock
 .text.__malloc_unlock
                0x0800d77c        0xc c:/progra~2/gnuarm~1/102021~1.10/bin/../lib/gcc/arm-none-eabi/10.3.1/../../../../arm-none-eabi/lib/thumb/v7e-m/nofp\libg.a(lib_a-mlock.o)
                0x0800d77c                __malloc_unlock
 .text._putc_r  0x0800d788       0x74 c:/progra~2/gnuarm~1/102021~1.10/bin/../lib/gcc/arm-none-eabi/10.3.1/../../../../arm-none-eabi/lib/thumb/v7e-m/nofp\libg.a(lib_a-putc.o)
                0x0800d788                _putc_r
 .text.realloc  0x0800d7fc       0x18 c:/progra~2/gnuarm~1/102021~1.10/bin/../lib/gcc/arm-none-eabi/10.3.1/../../../../arm-none-eabi/lib/thumb/v7e-m/nofp\libg.a(lib_a-realloc.o)
                0x0800d7fc                realloc
 .text._realloc_r
                0x0800d814      0x3d8 c:/progra~2/gnuarm~1/102021~1.10/bin/../lib/gcc/arm-none-eabi/10.3.1/../../../../arm-none-eabi/lib/thumb/v7e-m/nofp\libg.a(lib_a-reallocr.o)
                0x0800d814                _realloc_r
 .text._sbrk_r  0x0800dbec       0x24 c:/progra~2/gnuarm~1/102021~1.10/bin/../lib/gcc/arm-none-eabi/10.3.1/../../../../arm-none-eabi/lib/thumb/v7e-m/nofp\libg.a(lib_a-sbrkr.o)
                0x0800dbec                _sbrk_r
 .text.raise    0x0800dc10       0x5c c:/progra~2/gnuarm~1/102021~1.10/bin/../lib/gcc/arm-none-eabi/10.3.1/../../../../arm-none-eabi/lib/thumb/v7e-m/nofp\libg.a(lib_a-signal.o)
                0x0800dc10                raise
 .text._kill_r  0x0800dc6c       0x2c c:/progra~2/gnuarm~1/102021~1.10/bin/../lib/gcc/arm-none-eabi/10.3.1/../../../../arm-none-eabi/lib/thumb/v7e-m/nofp\libg.a(lib_a-signalr.o)
                0x0800dc6c                _kill_r
 .text._getpid_r
                0x0800dc98        0x4 c:/progra~2/gnuarm~1/102021~1.10/bin/../lib/gcc/arm-none-eabi/10.3.1/../../../../arm-none-eabi/lib/thumb/v7e-m/nofp\libg.a(lib_a-signalr.o)
                0x0800dc98                _getpid_r
 .text.sprintf  0x0800dc9c       0x40 c:/progra~2/gnuarm~1/102021~1.10/bin/../lib/gcc/arm-none-eabi/10.3.1/../../../../arm-none-eabi/lib/thumb/v7e-m/nofp\libg.a(lib_a-sprintf.o)
                0x0800dc9c                sprintf
 .text.strncmp  0x0800dcdc       0x80 c:/progra~2/gnuarm~1/102021~1.10/bin/../lib/gcc/arm-none-eabi/10.3.1/../../../../arm-none-eabi/lib/thumb/v7e-m/nofp\libg.a(lib_a-strncmp.o)
                0x0800dcdc                strncmp
 .text._svfprintf_r
                0x0800dd5c     0x1a3c c:/progra~2/gnuarm~1/102021~1.10/bin/../lib/gcc/arm-none-eabi/10.3.1/../../../../arm-none-eabi/lib/thumb/v7e-m/nofp\libg.a(lib_a-svfprintf.o)
                0x0800dd5c                _svfprintf_r
 .text.write    0x0800f798       0x18 c:/progra~2/gnuarm~1/102021~1.10/bin/../lib/gcc/arm-none-eabi/10.3.1/../../../../arm-none-eabi/lib/thumb/v7e-m/nofp\libg.a(lib_a-syswrite.o)
                0x0800f798                write
 .text.__swbuf_r
                0x0800f7b0       0xb0 c:/progra~2/gnuarm~1/102021~1.10/bin/../lib/gcc/arm-none-eabi/10.3.1/../../../../arm-none-eabi/lib/thumb/v7e-m/nofp\libg.a(lib_a-wbuf.o)
                0x0800f7b0                __swbuf_r
 .text._write_r
                0x0800f860       0x2c c:/progra~2/gnuarm~1/102021~1.10/bin/../lib/gcc/arm-none-eabi/10.3.1/../../../../arm-none-eabi/lib/thumb/v7e-m/nofp\libg.a(lib_a-writer.o)
                0x0800f860                _write_r
 .text.__swsetup_r
                0x0800f88c       0xd4 c:/progra~2/gnuarm~1/102021~1.10/bin/../lib/gcc/arm-none-eabi/10.3.1/../../../../arm-none-eabi/lib/thumb/v7e-m/nofp\libg.a(lib_a-wsetup.o)
                0x0800f88c                __swsetup_r
 .text.startup.register_fini
                0x0800f960       0x14 c:/progra~2/gnuarm~1/102021~1.10/bin/../lib/gcc/arm-none-eabi/10.3.1/../../../../arm-none-eabi/lib/thumb/v7e-m/nofp\libg.a(lib_a-__call_atexit.o)
 .text.atexit   0x0800f974        0xc c:/progra~2/gnuarm~1/102021~1.10/bin/../lib/gcc/arm-none-eabi/10.3.1/../../../../arm-none-eabi/lib/thumb/v7e-m/nofp\libg.a(lib_a-atexit.o)
                0x0800f974                atexit
 .text.quorem   0x0800f980      0x124 c:/progra~2/gnuarm~1/102021~1.10/bin/../lib/gcc/arm-none-eabi/10.3.1/../../../../arm-none-eabi/lib/thumb/v7e-m/nofp\libg.a(lib_a-dtoa.o)
 *fill*         0x0800faa4        0x4 
 .text._dtoa_r  0x0800faa8      0xec4 c:/progra~2/gnuarm~1/102021~1.10/bin/../lib/gcc/arm-none-eabi/10.3.1/../../../../arm-none-eabi/lib/thumb/v7e-m/nofp\libg.a(lib_a-dtoa.o)
                0x0800faa8                _dtoa_r
 .text.__sflush_r
                0x0801096c      0x120 c:/progra~2/gnuarm~1/102021~1.10/bin/../lib/gcc/arm-none-eabi/10.3.1/../../../../arm-none-eabi/lib/thumb/v7e-m/nofp\libg.a(lib_a-fflush.o)
                0x0801096c                __sflush_r
 .text._fflush_r
                0x08010a8c       0x5c c:/progra~2/gnuarm~1/102021~1.10/bin/../lib/gcc/arm-none-eabi/10.3.1/../../../../arm-none-eabi/lib/thumb/v7e-m/nofp\libg.a(lib_a-fflush.o)
                0x08010a8c                _fflush_r
 .text._cleanup_r
                0x08010ae8        0xc c:/progra~2/gnuarm~1/102021~1.10/bin/../lib/gcc/arm-none-eabi/10.3.1/../../../../arm-none-eabi/lib/thumb/v7e-m/nofp\libg.a(lib_a-findfp.o)
                0x08010ae8                _cleanup_r
 .text.__sinit  0x08010af4      0x10c c:/progra~2/gnuarm~1/102021~1.10/bin/../lib/gcc/arm-none-eabi/10.3.1/../../../../arm-none-eabi/lib/thumb/v7e-m/nofp\libg.a(lib_a-findfp.o)
                0x08010af4                __sinit
 .text.__sfp_lock_acquire
                0x08010c00        0xc c:/progra~2/gnuarm~1/102021~1.10/bin/../lib/gcc/arm-none-eabi/10.3.1/../../../../arm-none-eabi/lib/thumb/v7e-m/nofp\libg.a(lib_a-findfp.o)
                0x08010c00                __sfp_lock_acquire
 .text.__sfp_lock_release
                0x08010c0c        0xc c:/progra~2/gnuarm~1/102021~1.10/bin/../lib/gcc/arm-none-eabi/10.3.1/../../../../arm-none-eabi/lib/thumb/v7e-m/nofp\libg.a(lib_a-findfp.o)
                0x08010c0c                __sfp_lock_release
 .text.__libc_fini_array
                0x08010c18       0x2c c:/progra~2/gnuarm~1/102021~1.10/bin/../lib/gcc/arm-none-eabi/10.3.1/../../../../arm-none-eabi/lib/thumb/v7e-m/nofp\libg.a(lib_a-fini.o)
                0x08010c18                __libc_fini_array
 .text._malloc_trim_r
                0x08010c44       0xa0 c:/progra~2/gnuarm~1/102021~1.10/bin/../lib/gcc/arm-none-eabi/10.3.1/../../../../arm-none-eabi/lib/thumb/v7e-m/nofp\libg.a(lib_a-freer.o)
                0x08010c44                _malloc_trim_r
 .text._free_r  0x08010ce4      0x20c c:/progra~2/gnuarm~1/102021~1.10/bin/../lib/gcc/arm-none-eabi/10.3.1/../../../../arm-none-eabi/lib/thumb/v7e-m/nofp\libg.a(lib_a-freer.o)
                0x08010ce4                _free_r
 .text._fwalk_reent
                0x08010ef0       0x48 c:/progra~2/gnuarm~1/102021~1.10/bin/../lib/gcc/arm-none-eabi/10.3.1/../../../../arm-none-eabi/lib/thumb/v7e-m/nofp\libg.a(lib_a-fwalk.o)
                0x08010ef0                _fwalk_reent
 .text._localeconv_r
                0x08010f38        0x8 c:/progra~2/gnuarm~1/102021~1.10/bin/../lib/gcc/arm-none-eabi/10.3.1/../../../../arm-none-eabi/lib/thumb/v7e-m/nofp\libg.a(lib_a-localeconv.o)
                0x08010f38                _localeconv_r
 .text.__smakebuf_r
                0x08010f40       0xe0 c:/progra~2/gnuarm~1/102021~1.10/bin/../lib/gcc/arm-none-eabi/10.3.1/../../../../arm-none-eabi/lib/thumb/v7e-m/nofp\libg.a(lib_a-makebuf.o)
                0x08010f40                __smakebuf_r
 .text._Balloc  0x08011020       0x4c c:/progra~2/gnuarm~1/102021~1.10/bin/../lib/gcc/arm-none-eabi/10.3.1/../../../../arm-none-eabi/lib/thumb/v7e-m/nofp\libg.a(lib_a-mprec.o)
                0x08011020                _Balloc
 .text._Bfree   0x0801106c       0x14 c:/progra~2/gnuarm~1/102021~1.10/bin/../lib/gcc/arm-none-eabi/10.3.1/../../../../arm-none-eabi/lib/thumb/v7e-m/nofp\libg.a(lib_a-mprec.o)
                0x0801106c                _Bfree
 .text.__multadd
                0x08011080       0xa0 c:/progra~2/gnuarm~1/102021~1.10/bin/../lib/gcc/arm-none-eabi/10.3.1/../../../../arm-none-eabi/lib/thumb/v7e-m/nofp\libg.a(lib_a-mprec.o)
                0x08011080                __multadd
 .text.__hi0bits
                0x08011120       0x40 c:/progra~2/gnuarm~1/102021~1.10/bin/../lib/gcc/arm-none-eabi/10.3.1/../../../../arm-none-eabi/lib/thumb/v7e-m/nofp\libg.a(lib_a-mprec.o)
                0x08011120                __hi0bits
 .text.__lo0bits
                0x08011160       0x5c c:/progra~2/gnuarm~1/102021~1.10/bin/../lib/gcc/arm-none-eabi/10.3.1/../../../../arm-none-eabi/lib/thumb/v7e-m/nofp\libg.a(lib_a-mprec.o)
                0x08011160                __lo0bits
 .text.__i2b    0x080111bc       0x5c c:/progra~2/gnuarm~1/102021~1.10/bin/../lib/gcc/arm-none-eabi/10.3.1/../../../../arm-none-eabi/lib/thumb/v7e-m/nofp\libg.a(lib_a-mprec.o)
                0x080111bc                __i2b
 .text.__multiply
                0x08011218      0x15c c:/progra~2/gnuarm~1/102021~1.10/bin/../lib/gcc/arm-none-eabi/10.3.1/../../../../arm-none-eabi/lib/thumb/v7e-m/nofp\libg.a(lib_a-mprec.o)
                0x08011218                __multiply
 .text.__pow5mult
                0x08011374       0xc0 c:/progra~2/gnuarm~1/102021~1.10/bin/../lib/gcc/arm-none-eabi/10.3.1/../../../../arm-none-eabi/lib/thumb/v7e-m/nofp\libg.a(lib_a-mprec.o)
                0x08011374                __pow5mult
 .text.__lshift
                0x08011434       0xf0 c:/progra~2/gnuarm~1/102021~1.10/bin/../lib/gcc/arm-none-eabi/10.3.1/../../../../arm-none-eabi/lib/thumb/v7e-m/nofp\libg.a(lib_a-mprec.o)
                0x08011434                __lshift
 .text.__mcmp   0x08011524       0x40 c:/progra~2/gnuarm~1/102021~1.10/bin/../lib/gcc/arm-none-eabi/10.3.1/../../../../arm-none-eabi/lib/thumb/v7e-m/nofp\libg.a(lib_a-mprec.o)
                0x08011524                __mcmp
 .text.__mdiff  0x08011564      0x14c c:/progra~2/gnuarm~1/102021~1.10/bin/../lib/gcc/arm-none-eabi/10.3.1/../../../../arm-none-eabi/lib/thumb/v7e-m/nofp\libg.a(lib_a-mprec.o)
                0x08011564                __mdiff
 .text.__d2b    0x080116b0       0xc4 c:/progra~2/gnuarm~1/102021~1.10/bin/../lib/gcc/arm-none-eabi/10.3.1/../../../../arm-none-eabi/lib/thumb/v7e-m/nofp\libg.a(lib_a-mprec.o)
                0x080116b0                __d2b
 .text.frexp    0x08011774       0x70 c:/progra~2/gnuarm~1/102021~1.10/bin/../lib/gcc/arm-none-eabi/10.3.1/../../../../arm-none-eabi/lib/thumb/v7e-m/nofp\libg.a(lib_a-s_frexp.o)
                0x08011774                frexp
 .text.__sread  0x080117e4       0x24 c:/progra~2/gnuarm~1/102021~1.10/bin/../lib/gcc/arm-none-eabi/10.3.1/../../../../arm-none-eabi/lib/thumb/v7e-m/nofp\libg.a(lib_a-stdio.o)
                0x080117e4                __sread
 .text.__swrite
                0x08011808       0x40 c:/progra~2/gnuarm~1/102021~1.10/bin/../lib/gcc/arm-none-eabi/10.3.1/../../../../arm-none-eabi/lib/thumb/v7e-m/nofp\libg.a(lib_a-stdio.o)
                0x08011808                __swrite
 .text.__sseek  0x08011848       0x20 c:/progra~2/gnuarm~1/102021~1.10/bin/../lib/gcc/arm-none-eabi/10.3.1/../../../../arm-none-eabi/lib/thumb/v7e-m/nofp\libg.a(lib_a-stdio.o)
                0x08011848                __sseek
 .text.__sclose
                0x08011868        0x8 c:/progra~2/gnuarm~1/102021~1.10/bin/../lib/gcc/arm-none-eabi/10.3.1/../../../../arm-none-eabi/lib/thumb/v7e-m/nofp\libg.a(lib_a-stdio.o)
                0x08011868                __sclose
 .text.strncpy  0x08011870       0x64 c:/progra~2/gnuarm~1/102021~1.10/bin/../lib/gcc/arm-none-eabi/10.3.1/../../../../arm-none-eabi/lib/thumb/v7e-m/nofp\libg.a(lib_a-strncpy.o)
                0x08011870                strncpy
 .text.__ssprint_r
                0x080118d4       0xf8 c:/progra~2/gnuarm~1/102021~1.10/bin/../lib/gcc/arm-none-eabi/10.3.1/../../../../arm-none-eabi/lib/thumb/v7e-m/nofp\libg.a(lib_a-svfiprintf.o)
                0x080118d4                __ssprint_r
 .text.__register_exitproc
                0x080119cc       0x8c c:/progra~2/gnuarm~1/102021~1.10/bin/../lib/gcc/arm-none-eabi/10.3.1/../../../../arm-none-eabi/lib/thumb/v7e-m/nofp\libg.a(lib_a-__atexit.o)
                0x080119cc                __register_exitproc
 .text.__assert_func
                0x08011a58       0x40 c:/progra~2/gnuarm~1/102021~1.10/bin/../lib/gcc/arm-none-eabi/10.3.1/../../../../arm-none-eabi/lib/thumb/v7e-m/nofp\libg.a(lib_a-assert.o)
                0x08011a58                __assert_func
 .text._calloc_r
                0x08011a98       0x78 c:/progra~2/gnuarm~1/102021~1.10/bin/../lib/gcc/arm-none-eabi/10.3.1/../../../../arm-none-eabi/lib/thumb/v7e-m/nofp\libg.a(lib_a-callocr.o)
                0x08011a98                _calloc_r
 .text._close_r
                0x08011b10       0x24 c:/progra~2/gnuarm~1/102021~1.10/bin/../lib/gcc/arm-none-eabi/10.3.1/../../../../arm-none-eabi/lib/thumb/v7e-m/nofp\libg.a(lib_a-closer.o)
                0x08011b10                _close_r
 .text._fclose_r
                0x08011b34       0xcc c:/progra~2/gnuarm~1/102021~1.10/bin/../lib/gcc/arm-none-eabi/10.3.1/../../../../arm-none-eabi/lib/thumb/v7e-m/nofp\libg.a(lib_a-fclose.o)
                0x08011b34                _fclose_r
 .text.fiprintf
                0x08011c00       0x28 c:/progra~2/gnuarm~1/102021~1.10/bin/../lib/gcc/arm-none-eabi/10.3.1/../../../../arm-none-eabi/lib/thumb/v7e-m/nofp\libg.a(lib_a-fiprintf.o)
                0x08011c00                fiprintf
 .text._fstat_r
                0x08011c28       0x2c c:/progra~2/gnuarm~1/102021~1.10/bin/../lib/gcc/arm-none-eabi/10.3.1/../../../../arm-none-eabi/lib/thumb/v7e-m/nofp\libg.a(lib_a-fstatr.o)
                0x08011c28                _fstat_r
 .text._isatty_r
                0x08011c54       0x24 c:/progra~2/gnuarm~1/102021~1.10/bin/../lib/gcc/arm-none-eabi/10.3.1/../../../../arm-none-eabi/lib/thumb/v7e-m/nofp\libg.a(lib_a-isattyr.o)
                0x08011c54                _isatty_r
 .text.__locale_mb_cur_max
                0x08011c78        0xc c:/progra~2/gnuarm~1/102021~1.10/bin/../lib/gcc/arm-none-eabi/10.3.1/../../../../arm-none-eabi/lib/thumb/v7e-m/nofp\libg.a(lib_a-locale.o)
                0x08011c78                __locale_mb_cur_max
 .text._lseek_r
                0x08011c84       0x2c c:/progra~2/gnuarm~1/102021~1.10/bin/../lib/gcc/arm-none-eabi/10.3.1/../../../../arm-none-eabi/lib/thumb/v7e-m/nofp\libg.a(lib_a-lseekr.o)
                0x08011c84                _lseek_r
 .text.__ascii_mbtowc
                0x08011cb0       0x2c c:/progra~2/gnuarm~1/102021~1.10/bin/../lib/gcc/arm-none-eabi/10.3.1/../../../../arm-none-eabi/lib/thumb/v7e-m/nofp\libg.a(lib_a-mbtowc_r.o)
                0x08011cb0                __ascii_mbtowc
 .text._read_r  0x08011cdc       0x2c c:/progra~2/gnuarm~1/102021~1.10/bin/../lib/gcc/arm-none-eabi/10.3.1/../../../../arm-none-eabi/lib/thumb/v7e-m/nofp\libg.a(lib_a-readr.o)
                0x08011cdc                _read_r
 .text.__sprint_r.part.0
                0x08011d08       0x78 c:/progra~2/gnuarm~1/102021~1.10/bin/../lib/gcc/arm-none-eabi/10.3.1/../../../../arm-none-eabi/lib/thumb/v7e-m/nofp\libg.a(lib_a-vfiprintf.o)
 .text._vfiprintf_r
                0x08011d80      0xda0 c:/progra~2/gnuarm~1/102021~1.10/bin/../lib/gcc/arm-none-eabi/10.3.1/../../../../arm-none-eabi/lib/thumb/v7e-m/nofp\libg.a(lib_a-vfiprintf.o)
                0x08011d80                _vfiprintf_r
 .text.__sbprintf
                0x08012b20       0x80 c:/progra~2/gnuarm~1/102021~1.10/bin/../lib/gcc/arm-none-eabi/10.3.1/../../../../arm-none-eabi/lib/thumb/v7e-m/nofp\libg.a(lib_a-vfiprintf.o)
 .text.__ascii_wctomb
                0x08012ba0       0x1c c:/progra~2/gnuarm~1/102021~1.10/bin/../lib/gcc/arm-none-eabi/10.3.1/../../../../arm-none-eabi/lib/thumb/v7e-m/nofp\libg.a(lib_a-wctomb_r.o)
                0x08012ba0                __ascii_wctomb
 .text.__fputwc
                0x08012bbc       0xa8 c:/progra~2/gnuarm~1/102021~1.10/bin/../lib/gcc/arm-none-eabi/10.3.1/../../../../arm-none-eabi/lib/thumb/v7e-m/nofp\libg.a(lib_a-fputwc.o)
                0x08012bbc                __fputwc
 .text._fputwc_r
                0x08012c64       0x68 c:/progra~2/gnuarm~1/102021~1.10/bin/../lib/gcc/arm-none-eabi/10.3.1/../../../../arm-none-eabi/lib/thumb/v7e-m/nofp\libg.a(lib_a-fputwc.o)
                0x08012c64                _fputwc_r
 .text._wcrtomb_r
                0x08012ccc       0x3c c:/progra~2/gnuarm~1/102021~1.10/bin/../lib/gcc/arm-none-eabi/10.3.1/../../../../arm-none-eabi/lib/thumb/v7e-m/nofp\libg.a(lib_a-wcrtomb.o)
                0x08012ccc                _wcrtomb_r
 *(.glue_7)
 .glue_7        0x08012d08        0x0 linker stubs
 *(.glue_7t)
 .glue_7t       0x08012d08        0x0 linker stubs
 *(.eh_frame)
 .eh_frame      0x08012d08        0x0 c:/progra~2/gnuarm~1/102021~1.10/bin/../lib/gcc/arm-none-eabi/10.3.1/thumb/v7e-m/nofp/crtbegin.o
 *(.init)
 .init          0x08012d08        0x4 c:/progra~2/gnuarm~1/102021~1.10/bin/../lib/gcc/arm-none-eabi/10.3.1/thumb/v7e-m/nofp/crti.o
                0x08012d08                _init
 .init          0x08012d0c        0x8 c:/progra~2/gnuarm~1/102021~1.10/bin/../lib/gcc/arm-none-eabi/10.3.1/thumb/v7e-m/nofp/crtn.o
 *(.fini)
 .fini          0x08012d14        0x4 c:/progra~2/gnuarm~1/102021~1.10/bin/../lib/gcc/arm-none-eabi/10.3.1/thumb/v7e-m/nofp/crti.o
                0x08012d14                _fini
 .fini          0x08012d18        0x8 c:/progra~2/gnuarm~1/102021~1.10/bin/../lib/gcc/arm-none-eabi/10.3.1/thumb/v7e-m/nofp/crtn.o
                0x08012d20                . = ALIGN (0x4)
                0x08012d20                _etext = .

.vfp11_veneer   0x08012d20        0x0
 .vfp11_veneer  0x08012d20        0x0 linker stubs

.v4_bx          0x08012d20        0x0
 .v4_bx         0x08012d20        0x0 linker stubs

.iplt           0x08012d20        0x0
 .iplt          0x08012d20        0x0 c:/progra~2/gnuarm~1/102021~1.10/bin/../lib/gcc/arm-none-eabi/10.3.1/thumb/v7e-m/nofp/crtbegin.o

.rodata         0x08012d20     0x1b34
                0x08012d20                . = ALIGN (0x4)
 *(.rodata)
 .rodata        0x08012d20      0x7cc c:/progra~2/gnuarm~1/102021~1.10/bin/../lib/gcc/arm-none-eabi/10.3.1/../../../../arm-none-eabi/lib/thumb/v7e-m/nofp\libstdc++.a(cp-demangle.o)
 *(.rodata*)
 .rodata._ZN8std_msgs4Time7getTypeEv.str1.4
                0x080134ec        0xe CMakeFiles/stm32f429_rosserial_test.elf.dir/Core/Src/main.cpp.obj
 *fill*         0x080134fa        0x2 
 .rodata._ZN8std_msgs4Time6getMD5Ev.str1.4
                0x080134fc       0x21 CMakeFiles/stm32f429_rosserial_test.elf.dir/Core/Src/main.cpp.obj
 *fill*         0x0801351d        0x3 
 .rodata._ZN14rosserial_msgs9TopicInfo7getTypeEv.str1.4
                0x08013520       0x19 CMakeFiles/stm32f429_rosserial_test.elf.dir/Core/Src/main.cpp.obj
 *fill*         0x08013539        0x3 
 .rodata._ZN14rosserial_msgs9TopicInfo6getMD5Ev.str1.4
                0x0801353c       0x21 CMakeFiles/stm32f429_rosserial_test.elf.dir/Core/Src/main.cpp.obj
 .rodata._ZN3ros11NodeHandle_I13STM32HardwareLi25ELi25ELi512ELi512EE15negotiateTopicsEv.str1.4
                0x0801355d       0x21 CMakeFiles/stm32f429_rosserial_test.elf.dir/Core/Src/main.cpp.obj
                                  0x1 (size before relaxing)
 *fill*         0x0801355d        0x3 
 .rodata._ZTSN3ros3MsgE
                0x08013560        0xb CMakeFiles/stm32f429_rosserial_test.elf.dir/Core/Src/main.cpp.obj
                0x08013560                typeinfo name for ros::Msg
 *fill*         0x0801356b        0x1 
 .rodata._ZTIN3ros3MsgE
                0x0801356c        0x8 CMakeFiles/stm32f429_rosserial_test.elf.dir/Core/Src/main.cpp.obj
                0x0801356c                typeinfo for ros::Msg
 .rodata._ZTSN8std_msgs4TimeE
                0x08013574       0x11 CMakeFiles/stm32f429_rosserial_test.elf.dir/Core/Src/main.cpp.obj
                0x08013574                typeinfo name for std_msgs::Time
 *fill*         0x08013585        0x3 
 .rodata._ZTIN8std_msgs4TimeE
                0x08013588        0xc CMakeFiles/stm32f429_rosserial_test.elf.dir/Core/Src/main.cpp.obj
                0x08013588                typeinfo for std_msgs::Time
 .rodata._ZTSN14rosserial_msgs9TopicInfoE
                0x08013594       0x1d CMakeFiles/stm32f429_rosserial_test.elf.dir/Core/Src/main.cpp.obj
                0x08013594                typeinfo name for rosserial_msgs::TopicInfo
 *fill*         0x080135b1        0x3 
 .rodata._ZTIN14rosserial_msgs9TopicInfoE
                0x080135b4        0xc CMakeFiles/stm32f429_rosserial_test.elf.dir/Core/Src/main.cpp.obj
                0x080135b4                typeinfo for rosserial_msgs::TopicInfo
 .rodata._ZTVN3ros3MsgE
                0x080135c0       0x18 CMakeFiles/stm32f429_rosserial_test.elf.dir/Core/Src/main.cpp.obj
                0x080135c0                vtable for ros::Msg
 .rodata._ZTVN8std_msgs4TimeE
                0x080135d8       0x18 CMakeFiles/stm32f429_rosserial_test.elf.dir/Core/Src/main.cpp.obj
                0x080135d8                vtable for std_msgs::Time
 .rodata._ZTVN14rosserial_msgs9TopicInfoE
                0x080135f0       0x18 CMakeFiles/stm32f429_rosserial_test.elf.dir/Core/Src/main.cpp.obj
                0x080135f0                vtable for rosserial_msgs::TopicInfo
 .rodata._ZN14rosserial_msgs3Log7getTypeEv.str1.4
                0x08013608       0x13 CMakeFiles/stm32f429_rosserial_test.elf.dir/Core/Src/serial.cpp.obj
 *fill*         0x0801361b        0x1 
 .rodata._ZN14rosserial_msgs3Log6getMD5Ev.str1.4
                0x0801361c       0x21 CMakeFiles/stm32f429_rosserial_test.elf.dir/Core/Src/serial.cpp.obj
 *fill*         0x0801363d        0x3 
 .rodata._ZN14rosserial_msgs20RequestParamResponse6getMD5Ev.str1.4
                0x08013640       0x21 CMakeFiles/stm32f429_rosserial_test.elf.dir/Core/Src/serial.cpp.obj
 *fill*         0x08013661        0x3 
 .rodata._ZN13geometry_msgs7Vector37getTypeEv.str1.4
                0x08013664       0x16 CMakeFiles/stm32f429_rosserial_test.elf.dir/Core/Src/serial.cpp.obj
 *fill*         0x0801367a        0x2 
 .rodata._ZN13geometry_msgs7Vector36getMD5Ev.str1.4
                0x0801367c       0x21 CMakeFiles/stm32f429_rosserial_test.elf.dir/Core/Src/serial.cpp.obj